Component: ARM Compiler 5.06 update 5 (build 528) Tool: armlink [4d35e2]

==============================================================================

Section Cross References

    startup_stm32f10x_md.o(STACK) refers (Special) to heapauxi.o(.text) for __use_two_region_memory
    startup_stm32f10x_md.o(HEAP) refers (Special) to heapauxi.o(.text) for __use_two_region_memory
    startup_stm32f10x_md.o(RESET) refers (Special) to heapauxi.o(.text) for __use_two_region_memory
    startup_stm32f10x_md.o(RESET) refers to startup_stm32f10x_md.o(STACK) for __initial_sp
    startup_stm32f10x_md.o(RESET) refers to startup_stm32f10x_md.o(.text) for Reset_Handler
    startup_stm32f10x_md.o(RESET) refers to stm32f10x_it.o(i.NMI_Handler) for NMI_Handler
    startup_stm32f10x_md.o(RESET) refers to stm32f10x_it.o(i.HardFault_Handler) for HardFault_Handler
    startup_stm32f10x_md.o(RESET) refers to stm32f10x_it.o(i.MemManage_Handler) for MemManage_Handler
    startup_stm32f10x_md.o(RESET) refers to stm32f10x_it.o(i.BusFault_Handler) for BusFault_Handler
    startup_stm32f10x_md.o(RESET) refers to stm32f10x_it.o(i.UsageFault_Handler) for UsageFault_Handler
    startup_stm32f10x_md.o(RESET) refers to stm32f10x_it.o(i.SVC_Handler) for SVC_Handler
    startup_stm32f10x_md.o(RESET) refers to stm32f10x_it.o(i.DebugMon_Handler) for DebugMon_Handler
    startup_stm32f10x_md.o(RESET) refers to stm32f10x_it.o(i.PendSV_Handler) for PendSV_Handler
    startup_stm32f10x_md.o(RESET) refers to stm32f10x_it.o(i.SysTick_Handler) for SysTick_Handler
    startup_stm32f10x_md.o(RESET) refers to serial.o(i.USART1_IRQHandler) for USART1_IRQHandler
    startup_stm32f10x_md.o(.text) refers (Special) to heapauxi.o(.text) for __use_two_region_memory
    startup_stm32f10x_md.o(.text) refers to system_stm32f10x.o(i.SystemInit) for SystemInit
    startup_stm32f10x_md.o(.text) refers to __main.o(!!!main) for __main
    startup_stm32f10x_md.o(.text) refers to startup_stm32f10x_md.o(HEAP) for Heap_Mem
    startup_stm32f10x_md.o(.text) refers to startup_stm32f10x_md.o(STACK) for Stack_Mem
    system_stm32f10x.o(i.SetSysClock) refers to system_stm32f10x.o(i.SetSysClockTo72) for SetSysClockTo72
    system_stm32f10x.o(i.SystemCoreClockUpdate) refers to system_stm32f10x.o(.data) for SystemCoreClock
    system_stm32f10x.o(i.SystemInit) refers to system_stm32f10x.o(i.SetSysClock) for SetSysClock
    stm32f10x_adc.o(i.ADC_DeInit) refers to stm32f10x_rcc.o(i.RCC_APB2PeriphResetCmd) for RCC_APB2PeriphResetCmd
    stm32f10x_bkp.o(i.BKP_DeInit) refers to stm32f10x_rcc.o(i.RCC_BackupResetCmd) for RCC_BackupResetCmd
    stm32f10x_can.o(i.CAN_DeInit) refers to stm32f10x_rcc.o(i.RCC_APB1PeriphResetCmd) for RCC_APB1PeriphResetCmd
    stm32f10x_can.o(i.CAN_GetITStatus) refers to stm32f10x_can.o(i.CheckITStatus) for CheckITStatus
    stm32f10x_cec.o(i.CEC_DeInit) refers to stm32f10x_rcc.o(i.RCC_APB1PeriphResetCmd) for RCC_APB1PeriphResetCmd
    stm32f10x_dac.o(i.DAC_DeInit) refers to stm32f10x_rcc.o(i.RCC_APB1PeriphResetCmd) for RCC_APB1PeriphResetCmd
    stm32f10x_flash.o(i.FLASH_EnableWriteProtection) refers to stm32f10x_flash.o(i.FLASH_WaitForLastOperation) for FLASH_WaitForLastOperation
    stm32f10x_flash.o(i.FLASH_EraseAllBank1Pages) refers to stm32f10x_flash.o(i.FLASH_WaitForLastBank1Operation) for FLASH_WaitForLastBank1Operation
    stm32f10x_flash.o(i.FLASH_EraseAllPages) refers to stm32f10x_flash.o(i.FLASH_WaitForLastOperation) for FLASH_WaitForLastOperation
    stm32f10x_flash.o(i.FLASH_EraseOptionBytes) refers to stm32f10x_flash.o(i.FLASH_GetReadOutProtectionStatus) for FLASH_GetReadOutProtectionStatus
    stm32f10x_flash.o(i.FLASH_EraseOptionBytes) refers to stm32f10x_flash.o(i.FLASH_WaitForLastOperation) for FLASH_WaitForLastOperation
    stm32f10x_flash.o(i.FLASH_ErasePage) refers to stm32f10x_flash.o(i.FLASH_WaitForLastOperation) for FLASH_WaitForLastOperation
    stm32f10x_flash.o(i.FLASH_ProgramHalfWord) refers to stm32f10x_flash.o(i.FLASH_WaitForLastOperation) for FLASH_WaitForLastOperation
    stm32f10x_flash.o(i.FLASH_ProgramOptionByteData) refers to stm32f10x_flash.o(i.FLASH_WaitForLastOperation) for FLASH_WaitForLastOperation
    stm32f10x_flash.o(i.FLASH_ProgramWord) refers to stm32f10x_flash.o(i.FLASH_WaitForLastOperation) for FLASH_WaitForLastOperation
    stm32f10x_flash.o(i.FLASH_ReadOutProtection) refers to stm32f10x_flash.o(i.FLASH_WaitForLastOperation) for FLASH_WaitForLastOperation
    stm32f10x_flash.o(i.FLASH_UserOptionByteConfig) refers to stm32f10x_flash.o(i.FLASH_WaitForLastOperation) for FLASH_WaitForLastOperation
    stm32f10x_flash.o(i.FLASH_WaitForLastBank1Operation) refers to stm32f10x_flash.o(i.FLASH_GetBank1Status) for FLASH_GetBank1Status
    stm32f10x_flash.o(i.FLASH_WaitForLastOperation) refers to stm32f10x_flash.o(i.FLASH_GetBank1Status) for FLASH_GetBank1Status
    stm32f10x_gpio.o(i.GPIO_AFIODeInit) refers to stm32f10x_rcc.o(i.RCC_APB2PeriphResetCmd) for RCC_APB2PeriphResetCmd
[...]
    ../clib/signal.c                         0x00000000   Number         0  defsig_rtmem_formal.o ABSOLUTE
    ../clib/signal.c                         0x00000000   Number         0  defsig_rtmem_outer.o ABSOLUTE
    ../clib/signal.c                         0x00000000   Number         0  defsig_abrt_inner.o ABSOLUTE
    ../clib/signal.c                         0x00000000   Number         0  defsig_rtred_inner.o ABSOLUTE
    ../clib/signal.c                         0x00000000   Number         0  defsig_fpe_formal.o ABSOLUTE
    ../clib/signal.c                         0x00000000   Number         0  defsig_rtmem_inner.o ABSOLUTE
    ../clib/signal.c                         0x00000000   Number         0  defsig_stak_inner.o ABSOLUTE
    ../clib/signal.c                         0x00000000   Number         0  defsig_general.o ABSOLUTE
    ../clib/signal.c                         0x00000000   Number         0  __raise.o ABSOLUTE
    ../clib/signal.c                         0x00000000   Number         0  defsig_pvfn_inner.o ABSOLUTE
    ../clib/signal.c                         0x00000000   Number         0  defsig_fpe_inner.o ABSOLUTE
    ../clib/signal.c                         0x00000000   Number         0  defsig_fpe_outer.o ABSOLUTE
    ../clib/signal.c                         0x00000000   Number         0  defsig_exit.o ABSOLUTE
    ../clib/signal.c                         0x00000000   Number         0  defsig_cppl_inner.o ABSOLUTE
    ../clib/signal.c                         0x00000000   Number         0  defsig_segv_inner.o ABSOLUTE
    ../clib/signal.c                         0x00000000   Number         0  defsig_other.o ABSOLUTE
    ../clib/signal.s                         0x00000000   Number         0  defsig.o ABSOLUTE
    ../clib/stdio.c                          0x00000000   Number         0  ferror.o ABSOLUTE
    ../clib/stdio.c                          0x00000000   Number         0  ferror_locked.o ABSOLUTE
    ../clib/stdlib.c                         0x00000000   Number         0  exit.o ABSOLUTE
    ../clib/string.c                         0x00000000   Number         0  memcmp.o ABSOLUTE
    ../fplib/d2f.s                           0x00000000   Number         0  d2f.o ABSOLUTE
    ../fplib/daddsub.s                       0x00000000   Number         0  daddsub_clz.o ABSOLUTE
    ../fplib/dcheck1.s                       0x00000000   Number         0  dcheck1.o ABSOLUTE
    ../fplib/dcmpi.s                         0x00000000   Number         0  dcmpi.o ABSOLUTE
    ../fplib/ddiv.s                          0x00000000   Number         0  ddiv.o ABSOLUTE
    ../fplib/dfix.s                          0x00000000   Number         0  dfix.o ABSOLUTE
    ../fplib/dflt.s                          0x00000000   Number         0  dflt_clz.o ABSOLUTE
    ../fplib/dleqf.s                         0x00000000   Number         0  dleqf.o ABSOLUTE
    ../fplib/dmul.s                          0x00000000   Number         0  dmul.o ABSOLUTE
    ../fplib/dnaninf.s                       0x00000000   Number         0  dnaninf.o ABSOLUTE
    ../fplib/dretinf.s                       0x00000000   Number         0  dretinf.o ABSOLUTE
    ../fplib/drleqf.s                        0x00000000   Number         0  drleqf.o ABSOLUTE
    ../fplib/dsqrt.s                         0x00000000   Number         0  dsqrt_noumaal.o ABSOLUTE
    ../fplib/f2d.s                           0x00000000   Number         0  f2d.o ABSOLUTE
    ../fplib/faddsub.s                       0x00000000   Number         0  faddsub_clz.o ABSOLUTE
    ../fplib/fcmpi.s                         0x00000000   Number         0  fcmpi.o ABSOLUTE
    ../fplib/fdiv.s                          0x00000000   Number         0  fdiv.o ABSOLUTE
    ../fplib/feqf.s                          0x00000000   Number         0  feqf.o ABSOLUTE
    ../fplib/ffix.s                          0x00000000   Number         0  ffix.o ABSOLUTE
    ../fplib/ffixu.s                         0x00000000   Number         0  ffixu.o ABSOLUTE
    ../fplib/fflt.s                          0x00000000   Number         0  fflt_clz.o ABSOLUTE
    ../fplib/fleqf.s                         0x00000000   Number         0  fleqf.o ABSOLUTE
    ../fplib/fmul.s                          0x00000000   Number         0  fmul.o ABSOLUTE
    ../fplib/fnaninf.s                       0x00000000   Number         0  fnaninf.o ABSOLUTE
    ../fplib/fpinit.s                        0x00000000   Number         0  fpinit.o ABSOLUTE
    ../fplib/fretinf.s                       0x00000000   Number         0  fretinf.o ABSOLUTE
    ../fplib/frleqf.s                        0x00000000   Number         0  frleqf.o ABSOLUTE
    ../fplib/retnan.s                        0x00000000   Number         0  retnan.o ABSOLUTE
    ../fplib/scalbn.s                        0x00000000   Number         0  scalbn.o ABSOLUTE
    ../fplib/trapv.s                         0x00000000   Number         0  trapv.o ABSOLUTE
    ../fplib/usenofp.s                       0x00000000   Number         0  usenofp.o ABSOLUTE
    ../mathlib/asin.c                        0x00000000   Number         0  asin_x.o ABSOLUTE
    ../mathlib/asin.c                        0x00000000   Number         0  asin.o ABSOLUTE
    ../mathlib/atan.c                        0x00000000   Number         0  atan.o ABSOLUTE
    ../mathlib/atan.c                        0x00000000   Number         0  atan_x.o ABSOLUTE
    ../mathlib/atan2.c                       0x00000000   Number         0  atan2_x.o ABSOLUTE
    ../mathlib/atan2.c                       0x00000000   Number         0  atan2.o ABSOLUTE
    ../mathlib/dunder.c                      0x00000000   Number         0  dunder.o ABSOLUTE
    ../mathlib/fpclassify.c                  0x00000000   Number         0  fpclassify.o ABSOLUTE
    ../mathlib/poly.c                        0x00000000   Number         0  poly.o ABSOLUTE
    ../mathlib/qnan.c                        0x00000000   Number         0  qnan.o ABSOLUTE
    ../mathlib/sqrt.c                        0x00000000   Number         0  sqrt_x.o ABSOLUTE
    ../mathlib/sqrt.c                        0x00000000   Number         0  sqrt.o ABSOLUTE
    Hardware\ID.c                            0x00000000   Number         0  id.o ABSOLUTE
    Hardware\LED.c                           0x00000000   Number         0  led.o ABSOLUTE
    Hardware\MatrixKey.c                     0x00000000   Number         0  matrixkey.o ABSOLUTE
    Hardware\OLED.c                          0x00000000   Number         0  oled.o ABSOLUTE
    Hardware\PWM.c                           0x00000000   Number         0  pwm.o ABSOLUTE
    Hardware\Serial.c                        0x00000000   Number         0  serial.o ABSOLUTE
    Hardware\Servo.c                         0x00000000   Number         0  servo.o ABSOLUTE
    Hardware\dong.c                          0x00000000   Number         0  dong.o ABSOLUTE
    Hardware\duoji.c                         0x00000000   Number         0  duoji.o ABSOLUTE
    Hardware\find.c                          0x00000000   Number         0  find.o ABSOLUTE
    Hardware\inv_mpu.c                       0x00000000   Number         0  inv_mpu.o ABSOLUTE
    Hardware\inv_mpu_dmp_motion_driver.c     0x00000000   Number         0  inv_mpu_dmp_motion_driver.o ABSOLUTE
    Hardware\mpu6050.c                       0x00000000   Number         0  mpu6050.o ABSOLUTE
    Hardware\mpuiic.c                        0x00000000   Number         0  mpuiic.o ABSOLUTE
    Hardware\openmv.c                        0x00000000   Number         0  openmv.o ABSOLUTE
    Hardware\play.c                          0x00000000   Number         0  play.o ABSOLUTE
    Hardware\topic.c                         0x00000000   Number         0  topic.o ABSOLUTE
    Library\misc.c                           0x00000000   Number         0  misc.o ABSOLUTE
    Library\stm32f10x_adc.c                  0x00000000   Number         0  stm32f10x_adc.o ABSOLUTE
    Library\stm32f10x_bkp.c                  0x00000000   Number         0  stm32f10x_bkp.o ABSOLUTE
    Library\stm32f10x_can.c                  0x00000000   Number         0  stm32f10x_can.o ABSOLUTE
    Library\stm32f10x_cec.c                  0x00000000   Number         0  stm32f10x_cec.o ABSOLUTE
    Library\stm32f10x_crc.c                  0x00000000   Number         0  stm32f10x_crc.o ABSOLUTE
    Library\stm32f10x_dac.c                  0x00000000   Number         0  stm32f10x_dac.o ABSOLUTE
    Library\stm32f10x_dbgmcu.c               0x00000000   Number         0  stm32f10x_dbgmcu.o ABSOLUTE
    Library\stm32f10x_dma.c                  0x00000000   Number         0  stm32f10x_dma.o ABSOLUTE
    Library\stm32f10x_exti.c                 0x00000000   Number         0  stm32f10x_exti.o ABSOLUTE
    Library\stm32f10x_flash.c                0x00000000   Number         0  stm32f10x_flash.o ABSOLUTE
    Library\stm32f10x_fsmc.c                 0x00000000   Number         0  stm32f10x_fsmc.o ABSOLUTE
    Library\stm32f10x_gpio.c                 0x00000000   Number         0  stm32f10x_gpio.o ABSOLUTE
    Library\stm32f10x_i2c.c                  0x00000000   Number         0  stm32f10x_i2c.o ABSOLUTE
    Library\stm32f10x_iwdg.c                 0x00000000   Number         0  stm32f10x_iwdg.o ABSOLUTE
    Library\stm32f10x_pwr.c                  0x00000000   Number         0  stm32f10x_pwr.o ABSOLUTE
    Library\stm32f10x_rcc.c                  0x00000000   Number         0  stm32f10x_rcc.o ABSOLUTE
    Library\stm32f10x_rtc.c                  0x00000000   Number         0  stm32f10x_rtc.o ABSOLUTE
    Library\stm32f10x_sdio.c                 0x00000000   Number         0  stm32f10x_sdio.o ABSOLUTE
    Library\stm32f10x_spi.c                  0x00000000   Number         0  stm32f10x_spi.o ABSOLUTE
    Library\stm32f10x_tim.c                  0x00000000   Number         0  stm32f10x_tim.o ABSOLUTE
    Library\stm32f10x_usart.c                0x00000000   Number         0  stm32f10x_usart.o ABSOLUTE
    Library\stm32f10x_wwdg.c                 0x00000000   Number         0  stm32f10x_wwdg.o ABSOLUTE
    Start\\core_cm3.c                        0x00000000   Number         0  core_cm3.o ABSOLUTE
    Start\core_cm3.c                         0x00000000   Number         0  core_cm3.o ABSOLUTE
    Start\startup_stm32f10x_md.s             0x00000000   Number         0  startup_stm32f10x_md.o ABSOLUTE
    Start\system_stm32f10x.c                 0x00000000   Number         0  system_stm32f10x.o ABSOLUTE
    System\Delay.c                           0x00000000   Number         0  delay.o ABSOLUTE
    System\\sys.c                            0x00000000   Number         0  sys.o ABSOLUTE
    System\sys.c                             0x00000000   Number         0  sys.o ABSOLUTE
    User\main.c                              0x00000000   Number         0  main.o ABSOLUTE
    User\stm32f10x_it.c                      0x00000000   Number         0  stm32f10x_it.o ABSOLUTE
    dc.s                                     0x00000000   Number         0  dc.o ABSOLUTE
    RESET                                    0x08000000   Section      236  startup_stm32f10x_md.o(RESET)
    !!!main                                  0x080000ec   Section        8  __main.o(!!!main)
    !!!scatter                               0x080000f4   Section       52  __scatter.o(!!!scatter)
    !!dczerorl2                              0x08000128   Section       90  __dczerorl2.o(!!dczerorl2)
    !!handler_zi                             0x08000184   Section       28  __scatter_zi.o(!!handler_zi)
    .ARM.Collect$$libinit$$00000000          0x080001a0   Section        2  libinit.o(.ARM.Collect$$libinit$$00000000)
    .ARM.Collect$$libinit$$00000002          0x080001a2   Section        0  libinit2.o(.ARM.Collect$$libinit$$00000002)
    .ARM.Collect$$libinit$$00000004          0x080001a2   Section        0  libinit2.o(.ARM.Collect$$libinit$$00000004)
    .ARM.Collect$$libinit$$0000000A          0x080001a2   Section        0  libinit2.o(.ARM.Collect$$libinit$$0000000A)
    .ARM.Collect$$libinit$$0000000C          0x080001a2   Section        0  libinit2.o(.ARM.Collect$$libinit$$0000000C)
    .ARM.Collect$$libinit$$0000000E          0x080001a2   Section        0  libinit2.o(.ARM.Collect$$libinit$$0000000E)
    .ARM.Collect$$libinit$$00000011          0x080001a2   Section        0  libinit2.o(.ARM.Collect$$libinit$$00000011)
    .ARM.Collect$$libinit$$00000013          0x080001a2   Section        0  libinit2.o(.ARM.Collect$$libinit$$00000013)
    .ARM.Collect$$libinit$$00000015          0x080001a2   Section        0  libinit2.o(.ARM.Collect$$libinit$$00000015)
    .ARM.Collect$$libinit$$00000017          0x080001a2   Section        0  libinit2.o(.ARM.Collect$$libinit$$00000017)
    .ARM.Collect$$libinit$$00000019          0x080001a2   Section        0  libinit2.o(.ARM.Collect$$libinit$$00000019)
    .ARM.Collect$$libinit$$0000001B          0x080001a2   Section        0  libinit2.o(.ARM.Collect$$libinit$$0000001B)
    .ARM.Collect$$libinit$$0000001D          0x080001a2   Section        0  libinit2.o(.ARM.Collect$$libinit$$0000001D)
    .ARM.Collect$$libinit$$0000001F          0x080001a2   Section        0  libinit2.o(.ARM.Collect$$libinit$$0000001F)
    .ARM.Collect$$libinit$$00000021          0x080001a2   Section        0  libinit2.o(.ARM.Collect$$libinit$$00000021)
    .ARM.Collect$$libinit$$00000023          0x080001a2   Section        0  libinit2.o(.ARM.Collect$$libinit$$00000023)
    .ARM.Collect$$libinit$$00000025          0x080001a2   Section        0  libinit2.o(.ARM.Collect$$libinit$$00000025)
    .ARM.Collect$$libinit$$0000002C          0x080001a2   Section        0  libinit2.o(.ARM.Collect$$libinit$$0000002C)
    .ARM.Collect$$libinit$$0000002E          0x080001a2   Section        0  libinit2.o(.ARM.Collect$$libinit$$0000002E)
    .ARM.Collect$$libinit$$00000030          0x080001a2   Section        0  libinit2.o(.ARM.Collect$$libinit$$00000030)
    .ARM.Collect$$libinit$$00000032          0x080001a2   Section        0  libinit2.o(.ARM.Collect$$libinit$$00000032)
    .ARM.Collect$$libinit$$00000033          0x080001a2   Section        2  libinit2.o(.ARM.Collect$$libinit$$00000033)
    .ARM.Collect$$libshutdown$$00000000      0x080001a4   Section        2  libshutdown.o(.ARM.Collect$$libshutdown$$00000000)
    .ARM.Collect$$libshutdown$$00000002      0x080001a6   Section        0  libshutdown2.o(.ARM.Collect$$libshutdown$$00000002)
    .ARM.Collect$$libshutdown$$00000004      0x080001a6   Section        0  libshutdown2.o(.ARM.Collect$$libshutdown$$00000004)
    .ARM.Collect$$libshutdown$$00000007      0x080001a6   Section        0  libshutdown2.o(.ARM.Collect$$libshutdown$$00000007)
    .ARM.Collect$$libshutdown$$0000000A      0x080001a6   Section        0  libshutdown2.o(.ARM.Collect$$libshutdown$$0000000A)
    .ARM.Collect$$libshutdown$$0000000C      0x080001a6   Section        0  libshutdown2.o(.ARM.Collect$$libshutdown$$0000000C)
    .ARM.Collect$$libshutdown$$0000000F      0x080001a6   Section        0  libshutdown2.o(.ARM.Collect$$libshutdown$$0000000F)
    .ARM.Collect$$libshutdown$$00000010      0x080001a6   Section        2  libshutdown2.o(.ARM.Collect$$libshutdown$$00000010)
    .ARM.Collect$$rtentry$$00000000          0x080001a8   Section        0  __rtentry.o(.ARM.Collect$$rtentry$$00000000)
    .ARM.Collect$$rtentry$$00000002          0x080001a8   Section        0  __rtentry2.o(.ARM.Collect$$rtentry$$00000002)
    .ARM.Collect$$rtentry$$00000004          0x080001a8   Section        6  __rtentry4.o(.ARM.Collect$$rtentry$$00000004)
    .ARM.Collect$$rtentry$$00000009          0x080001ae   Section        0  __rtentry2.o(.ARM.Collect$$rtentry$$00000009)
    .ARM.Collect$$rtentry$$0000000A          0x080001ae   Section        4  __rtentry2.o(.ARM.Collect$$rtentry$$0000000A)
    .ARM.Collect$$rtentry$$0000000C          0x080001b2   Section        0  __rtentry2.o(.ARM.Collect$$rtentry$$0000000C)
    .ARM.Collect$$rtentry$$0000000D          0x080001b2   Section        8  __rtentry2.o(.ARM.Collect$$rtentry$$0000000D)
    .ARM.Collect$$rtexit$$00000000           0x080001ba   Section        2  rtexit.o(.ARM.Collect$$rtexit$$00000000)
    .ARM.Collect$$rtexit$$00000002           0x080001bc   Section        0  rtexit2.o(.ARM.Collect$$rtexit$$00000002)
    .ARM.Collect$$rtexit$$00000003           0x080001bc   Section        4  rtexit2.o(.ARM.Collect$$rtexit$$00000003)
    .ARM.Collect$$rtexit$$00000004           0x080001c0   Section        6  rtexit2.o(.ARM.Collect$$rtexit$$00000004)
    .text                                    0x080001c8   Section       64  startup_stm32f10x_md.o(.text)
    .text                                    0x08000208   Section        2  use_no_semi_2.o(.text)
    .text                                    0x0800020a   Section      100  rt_memcpy_w.o(.text)
    .text                                    0x0800026e   Section        0  heapauxi.o(.text)
    .text                                    0x08000274   Section        2  use_no_semi.o(.text)
    .text                                    0x08000278   Section        8  libspace.o(.text)
    .text                                    0x08000280   Section       74  sys_stackheap_outer.o(.text)
    .text                                    0x080002ca   Section        0  exit.o(.text)
    i.BusFault_Handler                       0x080002dc   Section        0  stm32f10x_it.o(i.BusFault_Handler)
    i.DebugMon_Handler                       0x080002e0   Section        0  stm32f10x_it.o(i.DebugMon_Handler)
    i.Delay_ms                               0x080002e2   Section        0  delay.o(i.Delay_ms)
    i.Delay_s                                0x080002fa   Section        0  delay.o(i.Delay_s)
    i.Delay_us                               0x08000312   Section        0  delay.o(i.Delay_us)
    i.GPIO_Init                              0x08000340   Section        0  stm32f10x_gpio.o(i.GPIO_Init)
    i.GPIO_ReadInputDataBit                  0x08000456   Section        0  stm32f10x_gpio.o(i.GPIO_ReadInputDataBit)
    i.GPIO_ResetBits                         0x08000468   Section        0  stm32f10x_gpio.o(i.GPIO_ResetBits)
    i.GPIO_SetBits                           0x0800046c   Section        0  stm32f10x_gpio.o(i.GPIO_SetBits)
    i.GPIO_WriteBit                          0x08000470   Section        0  stm32f10x_gpio.o(i.GPIO_WriteBit)
    i.HardFault_Handler                      0x0800047a   Section        0  stm32f10x_it.o(i.HardFault_Handler)
    i.ID_1                                   0x08000480   Section        0  id.o(i.ID_1)
    i.ID_2                                   0x080004a4   Section        0  id.o(i.ID_2)
    i.LED1_OFF                               0x080005a4   Section        0  led.o(i.LED1_OFF)
    i.LED1_ON                                0x080005b8   Section        0  led.o(i.LED1_ON)
    i.LED_Init                               0x080005cc   Section        0  led.o(i.LED_Init)
    i.MatrixKey_GetValue                     0x08000604   Section        0  matrixkey.o(i.MatrixKey_GetValue)
    i.MatrixKey_Init                         0x080006d0   Section        0  matrixkey.o(i.MatrixKey_Init)
    i.MatrixKey_determine                    0x08000724   Section        0  matrixkey.o(i.MatrixKey_determine)
    i.MemManage_Handler                      0x080007a8   Section        0  stm32f10x_it.o(i.MemManage_Handler)
    i.NMI_Handler                            0x080007ac   Section        0  stm32f10x_it.o(i.NMI_Handler)
    i.NVIC_Init                              0x080007b0   Section        0  misc.o(i.NVIC_Init)
    i.NVIC_PriorityGroupConfig               0x08000820   Section        0  misc.o(i.NVIC_PriorityGroupConfig)
    i.OLED_Clear                             0x08000834   Section        0  oled.o(i.OLED_Clear)
    i.OLED_I2C_Init                          0x08000860   Section        0  oled.o(i.OLED_I2C_Init)
    i.OLED_I2C_SendByte                      0x080008b0   Section        0  oled.o(i.OLED_I2C_SendByte)
    i.OLED_I2C_Start                         0x08000904   Section        0  oled.o(i.OLED_I2C_Start)
    i.OLED_I2C_Stop                          0x08000938   Section        0  oled.o(i.OLED_I2C_Stop)
    i.OLED_Init                              0x08000960   Section        0  oled.o(i.OLED_Init)
    i.OLED_Pow                               0x08000a0e   Section        0  oled.o(i.OLED_Pow)
    i.OLED_SetCursor                         0x08000a22   Section        0  oled.o(i.OLED_SetCursor)
    i.OLED_ShowChar                          0x08000a44   Section        0  oled.o(i.OLED_ShowChar)
    i.OLED_ShowNum                           0x08000ab8   Section        0  oled.o(i.OLED_ShowNum)
    i.OLED_ShowString                        0x08000afc   Section        0  oled.o(i.OLED_ShowString)
    i.OLED_WriteCommand                      0x08000b24   Section        0  oled.o(i.OLED_WriteCommand)
    i.OLED_WriteData                         0x08000b44   Section        0  oled.o(i.OLED_WriteData)
    i.Openmv_Data                            0x08000b64   Section        0  openmv.o(i.Openmv_Data)
    i.Openmv_Receive_Data                    0x08000bcc   Section        0  openmv.o(i.Openmv_Receive_Data)
    i.PWM3_Init                              0x08000d38   Section        0  pwm.o(i.PWM3_Init)
    i.PWM_Init                               0x08000dcc   Section        0  pwm.o(i.PWM_Init)
    i.PWM_SetCompare1                        0x08000e84   Section        0  pwm.o(i.PWM_SetCompare1)
    i.PWM_SetCompare2                        0x08000e94   Section        0  pwm.o(i.PWM_SetCompare2)
    i.PWM_SetCompare3                        0x08000ea4   Section        0  pwm.o(i.PWM_SetCompare3)
    i.PWM_SetCompare4                        0x08000eb4   Section        0  pwm.o(i.PWM_SetCompare4)
    i.PWM_SetCompare_mondile                 0x08000ec4   Section        0  pwm.o(i.PWM_SetCompare_mondile)
    i.PendSV_Handler                         0x08000ed8   Section        0  stm32f10x_it.o(i.PendSV_Handler)
    i.RCC_APB1PeriphClockCmd                 0x08000edc   Section        0  stm32f10x_rcc.o(i.RCC_APB1PeriphClockCmd)
    i.RCC_APB2PeriphClockCmd                 0x08000efc   Section        0  stm32f10x_rcc.o(i.RCC_APB2PeriphClockCmd)
    i.RCC_GetClocksFreq                      0x08000f1c   Section        0  stm32f10x_rcc.o(i.RCC_GetClocksFreq)
    i.SVC_Handler                            0x08000ff0   Section        0  stm32f10x_it.o(i.SVC_Handler)
    i.Servo_SetAngle1                        0x08000ff4   Section        0  servo.o(i.Servo_SetAngle1)
    i.Servo_SetAngle3                        0x08001030   Section        0  servo.o(i.Servo_SetAngle3)
    i.SetSysClock                            0x0800106c   Section        0  system_stm32f10x.o(i.SetSysClock)
    SetSysClock                              0x0800106d   Thumb Code     8  system_stm32f10x.o(i.SetSysClock)
    i.SetSysClockTo72                        0x08001074   Section        0  system_stm32f10x.o(i.SetSysClockTo72)
    SetSysClockTo72                          0x08001075   Thumb Code   214  system_stm32f10x.o(i.SetSysClockTo72)
    i.SysTick_Handler                        0x08001154   Section        0  stm32f10x_it.o(i.SysTick_Handler)
    i.SystemInit                             0x08001158   Section        0  system_stm32f10x.o(i.SystemInit)
    i.TIM_Cmd                                0x080011b8   Section        0  stm32f10x_tim.o(i.TIM_Cmd)
    i.TIM_InternalClockConfig                0x080011d0   Section        0  stm32f10x_tim.o(i.TIM_InternalClockConfig)
    i.TIM_OC1Init                            0x080011dc   Section        0  stm32f10x_tim.o(i.TIM_OC1Init)
    i.TIM_OC2Init                            0x08001274   Section        0  stm32f10x_tim.o(i.TIM_OC2Init)
    i.TIM_OC3Init                            0x08001318   Section        0  stm32f10x_tim.o(i.TIM_OC3Init)
    i.TIM_OC4Init                            0x080013b8   Section        0  stm32f10x_tim.o(i.TIM_OC4Init)
    i.TIM_OCStructInit                       0x08001434   Section        0  stm32f10x_tim.o(i.TIM_OCStructInit)
    i.TIM_SetCompare1                        0x08001448   Section        0  stm32f10x_tim.o(i.TIM_SetCompare1)
    i.TIM_SetCompare2                        0x0800144c   Section        0  stm32f10x_tim.o(i.TIM_SetCompare2)
    i.TIM_SetCompare3                        0x08001450   Section        0  stm32f10x_tim.o(i.TIM_SetCompare3)
    i.TIM_SetCompare4                        0x08001454   Section        0  stm32f10x_tim.o(i.TIM_SetCompare4)
    i.TIM_TimeBaseInit                       0x0800145c   Section        0  stm32f10x_tim.o(i.TIM_TimeBaseInit)
    i.USART1_IRQHandler                      0x08001500   Section        0  serial.o(i.USART1_IRQHandler)
    i.USART_ClearITPendingBit                0x0800159c   Section        0  stm32f10x_usart.o(i.USART_ClearITPendingBit)
    i.USART_Cmd                              0x080015ba   Section        0  stm32f10x_usart.o(i.USART_Cmd)
    i.USART_GetITStatus                      0x080015d2   Section        0  stm32f10x_usart.o(i.USART_GetITStatus)
    i.USART_ITConfig                         0x08001626   Section        0  stm32f10x_usart.o(i.USART_ITConfig)
    i.USART_Init                             0x08001670   Section        0  stm32f10x_usart.o(i.USART_Init)
    i.USART_ReceiveData                      0x08001748   Section        0  stm32f10x_usart.o(i.USART_ReceiveData)
    i.UsageFault_Handler                     0x08001752   Section        0  stm32f10x_it.o(i.UsageFault_Handler)
    i._sys_exit                              0x08001756   Section        0  serial.o(i._sys_exit)
    i.check_lose                             0x0800175c   Section        0  play.o(i.check_lose)
    i.check_pass                             0x080019a8   Section        0  matrixkey.o(i.check_pass)
    i.check_weigui                           0x08001a00   Section        0  find.o(i.check_weigui)
    i.check_win                              0x08001ab0   Section        0  play.o(i.check_win)
    i.chessboard_init                        0x08001cfc   Section        0  find.o(i.chessboard_init)
    i.dong                                   0x08001d1c   Section        0  dong.o(i.dong)
    i.duoji_1                                0x08001d68   Section        0  duoji.o(i.duoji_1)
    i.duoji_3                                0x08001d74   Section        0  duoji.o(i.duoji_3)
    i.findClosestValue                       0x08001d80   Section        0  id.o(i.findClosestValue)
    i.full                                   0x08001e0c   Section        0  play.o(i.full)
    i.guiwei                                 0x08001e38   Section        0  id.o(i.guiwei)
    i.last                                   0x08001e54   Section        0  find.o(i.last)
    i.main                                   0x08001e60   Section        0  main.o(i.main)
    i.must_lose_step                         0x08001ee4   Section        0  find.o(i.must_lose_step)
    i.no_1                                   0x08001f40   Section        0  topic.o(i.no_1)
    i.no_2                                   0x08001fbc   Section        0  topic.o(i.no_2)
    i.no_3                                   0x08001fec   Section        0  topic.o(i.no_3)
    i.no_4                                   0x0800203c   Section        0  topic.o(i.no_4)
    i.no_5                                   0x080020d8   Section        0  topic.o(i.no_5)
    i.no_6                                   0x08002180   Section        0  topic.o(i.no_6)
    i.now                                    0x080021d0   Section        0  find.o(i.now)
    i.play                                   0x080021dc   Section        0  play.o(i.play)
    i.put                                    0x0800253c   Section        0  topic.o(i.put)
    i.qibeng_fang                            0x080025a0   Section        0  dong.o(i.qibeng_fang)
    i.qibeng_ting                            0x080025b2   Section        0  dong.o(i.qibeng_ting)
    i.qibeng_xi                              0x080025c2   Section        0  dong.o(i.qibeng_xi)
    i.scratch                                0x080025d4   Section        0  topic.o(i.scratch)
    i.scratch_2                              0x08002610   Section        0  topic.o(i.scratch_2)
    i.show                                   0x0800265c   Section        0  openmv.o(i.show)
    i.uart_init                              0x08002708   Section        0  serial.o(i.uart_init)
    x$fpl$dadd                               0x080027c0   Section      336  daddsub_clz.o(x$fpl$dadd)
    _dadd1                                   0x080027d1   Thumb Code     0  daddsub_clz.o(x$fpl$dadd)
    x$fpl$dcmpinf                            0x08002910   Section       24  dcmpi.o(x$fpl$dcmpinf)
    x$fpl$dfix                               0x08002928   Section       94  dfix.o(x$fpl$dfix)
    x$fpl$dflt                               0x08002986   Section       46  dflt_clz.o(x$fpl$dflt)
    x$fpl$dleqf                              0x080029b4   Section      120  dleqf.o(x$fpl$dleqf)
    x$fpl$dnaninf                            0x08002a2c   Section      156  dnaninf.o(x$fpl$dnaninf)
    x$fpl$dretinf                            0x08002ac8   Section       12  dretinf.o(x$fpl$dretinf)
    x$fpl$drleqf                             0x08002ad4   Section      108  drleqf.o(x$fpl$drleqf)
    x$fpl$drsb                               0x08002b40   Section       22  daddsub_clz.o(x$fpl$drsb)
    x$fpl$dsub                               0x08002b58   Section      468  daddsub_clz.o(x$fpl$dsub)
    _dsub1                                   0x08002b69   Thumb Code     0  daddsub_clz.o(x$fpl$dsub)
    x$fpl$fadd                               0x08002d2c   Section      196  faddsub_clz.o(x$fpl$fadd)
    _fadd1                                   0x08002d3b   Thumb Code     0  faddsub_clz.o(x$fpl$fadd)
    x$fpl$fdiv                               0x08002df0   Section      388  fdiv.o(x$fpl$fdiv)
    _fdiv1                                   0x08002df1   Thumb Code     0  fdiv.o(x$fpl$fdiv)
    x$fpl$ffixu                              0x08002f74   Section       62  ffixu.o(x$fpl$ffixu)
    x$fpl$fflt                               0x08002fb4   Section       48  fflt_clz.o(x$fpl$fflt)
    x$fpl$fmul                               0x08002fe4   Section      258  fmul.o(x$fpl$fmul)
    x$fpl$fnaninf                            0x080030e6   Section      140  fnaninf.o(x$fpl$fnaninf)
    x$fpl$fretinf                            0x08003172   Section       10  fretinf.o(x$fpl$fretinf)
    x$fpl$fsub                               0x0800317c   Section      234  faddsub_clz.o(x$fpl$fsub)
    _fsub1                                   0x0800318b   Thumb Code     0  faddsub_clz.o(x$fpl$fsub)
    .constdata                               0x08003266   Section     1520  oled.o(.constdata)
    x$fpl$usenofp                            0x08003266   Section        0  usenofp.o(x$fpl$usenofp)
    .constdata                               0x08003858   Section       28  id.o(.constdata)
    .data                                    0x20000000   Section       20  stm32f10x_rcc.o(.data)
    APBAHBPrescTable                         0x20000000   Data          16  stm32f10x_rcc.o(.data)
    ADCPrescTable                            0x20000010   Data           4  stm32f10x_rcc.o(.data)
    .data                                    0x20000014   Section        6  serial.o(.data)
    .data                                    0x2000001c   Section        5  openmv.o(.data)
    state                                    0x20000020   Data           1  openmv.o(.data)
    .data                                    0x20000024   Section        8  find.o(.data)
    num_last                                 0x20000024   Data           4  find.o(.data)
    num_now                                  0x20000028   Data           4  find.o(.data)
    .data                                    0x2000002c   Section      648  id.o(.data)
    .data                                    0x200002b4   Section       12  topic.o(.data)
    num_last                                 0x200002b4   Data           4  topic.o(.data)
    num_now                                  0x200002b8   Data           4  topic.o(.data)
    .data                                    0x200002c0   Section       16  main.o(.data)
    num_last                                 0x200002c0   Data           4  main.o(.data)
    num_now                                  0x200002c4   Data           4  main.o(.data)
    .bss                                     0x200002d0   Section      200  serial.o(.bss)
    .bss                                     0x20000398   Section       20  find.o(.bss)
    .bss                                     0x200003ac   Section       68  main.o(.bss)
    .bss                                     0x200003f0   Section       96  libspace.o(.bss)
    HEAP                                     0x20000450   Section      512  startup_stm32f10x_md.o(HEAP)
    Heap_Mem                                 0x20000450   Data         512  startup_stm32f10x_md.o(HEAP)
    STACK                                    0x20000650   Section     1024  startup_stm32f10x_md.o(STACK)
    Stack_Mem                                0x20000650   Data        1024  startup_stm32f10x_md.o(STACK)
    __initial_sp                             0x20000a50   Data           0  startup_stm32f10x_md.o(STACK)

    Global Symbols

    Symbol Name                              Value     Ov Type        Size  Object(Section)

    BuildAttributes$$THM_ISAv4$P$D$K$B$S$PE$A:L22UL41UL21$X:L11$S22US41US21$IEEE1$IW$USESV6$~STKCKD$USESV7$~SHL$OTIME$ROPI$IEEEX$EBA8$UX$STANDARDLIB$REQ8$PRES8$EABIv2 0x00000000   Number         0  anon$$obj.o ABSOLUTE
    __ARM_use_no_argv                        0x00000000   Number         0  main.o ABSOLUTE
    _printf_flags                            0x00000000   Number         0  printf_stubs.o ABSOLUTE
    _printf_return_value                     0x00000000   Number         0  printf_stubs.o ABSOLUTE
    _printf_sizespec                         0x00000000   Number         0  printf_stubs.o ABSOLUTE
    _printf_widthprec                        0x00000000   Number         0  printf_stubs.o ABSOLUTE
    __ARM_exceptions_init                     - Undefined Weak Reference
    __alloca_initialize                       - Undefined Weak Reference
    __arm_preinit_                            - Undefined Weak Reference
    __cpp_initialize__aeabi_                  - Undefined Weak Reference
    __cxa_finalize                            - Undefined Weak Reference
    __rt_locale                               - Undefined Weak Reference
    __sigvec_lookup                           - Undefined Weak Reference
    _atexit_init                              - Undefined Weak Reference
    _call_atexit_fns                          - Undefined Weak Reference
    _clock_init                               - Undefined Weak Reference
    _fp_trap_init                             - Undefined Weak Reference
    _fp_trap_shutdown                         - Undefined Weak Reference
    _get_lc_collate                           - Undefined Weak Reference
    _get_lc_ctype                             - Undefined Weak Reference
    _get_lc_monetary                          - Undefined Weak Reference
    _get_lc_numeric                           - Undefined Weak Reference
    _get_lc_time                              - Undefined Weak Reference
    _getenv_init                              - Undefined Weak Reference
    _handle_redirection                       - Undefined Weak Reference
    _init_alloc                               - Undefined Weak Reference
    _init_user_alloc                          - Undefined Weak Reference
    _initio                                   - Undefined Weak Reference
    _mutex_acquire                            - Undefined Weak Reference
    _mutex_release                            - Undefined Weak Reference
    _printf_truncate_signed                   - Undefined Weak Reference
    _printf_truncate_unsigned                 - Undefined Weak Reference
    _rand_init                                - Undefined Weak Reference
    _signal_finish                            - Undefined Weak Reference
    _signal_init                              - Undefined Weak Reference
    _terminate_alloc                          - Undefined Weak Reference
    _terminate_user_alloc                     - Undefined Weak Reference
    _terminateio                              - Undefined Weak Reference
    __Vectors_Size                           0x000000ec   Number         0  startup_stm32f10x_md.o ABSOLUTE
    __Vectors                                0x08000000   Data           4  startup_stm32f10x_md.o(RESET)
    __Vectors_End                            0x080000ec   Data           0  startup_stm32f10x_md.o(RESET)
    __main                                   0x080000ed   Thumb Code     8  __main.o(!!!main)
    __scatterload                            0x080000f5   Thumb Code     0  __scatter.o(!!!scatter)
    __scatterload_rt2                        0x080000f5   Thumb Code    44  __scatter.o(!!!scatter)
    __scatterload_rt2_thumb_only             0x080000f5   Thumb Code     0  __scatter.o(!!!scatter)
    __scatterload_null                       0x08000103   Thumb Code     0  __scatter.o(!!!scatter)
    __decompress                             0x08000129   Thumb Code    90  __dczerorl2.o(!!dczerorl2)
    __decompress1                            0x08000129   Thumb Code     0  __dczerorl2.o(!!dczerorl2)
    __scatterload_zeroinit                   0x08000185   Thumb Code    28  __scatter_zi.o(!!handler_zi)
    __rt_lib_init                            0x080001a1   Thumb Code     0  libinit.o(.ARM.Collect$$libinit$$00000000)
    __rt_lib_init_alloca_1                   0x080001a3   Thumb Code     0  libinit2.o(.ARM.Collect$$libinit$$0000002E)
    __rt_lib_init_argv_1                     0x080001a3   Thumb Code     0  libinit2.o(.ARM.Collect$$libinit$$0000002C)
    __rt_lib_init_atexit_1                   0x080001a3   Thumb Code     0  libinit2.o(.ARM.Collect$$libinit$$0000001B)
    __rt_lib_init_clock_1                    0x080001a3   Thumb Code     0  libinit2.o(.ARM.Collect$$libinit$$00000021)
    __rt_lib_init_cpp_1                      0x080001a3   Thumb Code     0  libinit2.o(.ARM.Collect$$libinit$$00000032)
    __rt_lib_init_exceptions_1               0x080001a3   Thumb Code     0  libinit2.o(.ARM.Collect$$libinit$$00000030)
    __rt_lib_init_fp_1                       0x080001a3   Thumb Code     0  libinit2.o(.ARM.Collect$$libinit$$00000002)
    __rt_lib_init_fp_trap_1                  0x080001a3   Thumb Code     0  libinit2.o(.ARM.Collect$$libinit$$0000001F)
    __rt_lib_init_getenv_1                   0x080001a3   Thumb Code     0  libinit2.o(.ARM.Collect$$libinit$$00000023)
    __rt_lib_init_heap_1                     0x080001a3   Thumb Code     0  libinit2.o(.ARM.Collect$$libinit$$0000000A)
    __rt_lib_init_lc_collate_1               0x080001a3   Thumb Code     0  libinit2.o(.ARM.Collect$$libinit$$00000011)
    __rt_lib_init_lc_ctype_1                 0x080001a3   Thumb Code     0  libinit2.o(.ARM.Collect$$libinit$$00000013)
    __rt_lib_init_lc_monetary_1              0x080001a3   Thumb Code     0  libinit2.o(.ARM.Collect$$libinit$$00000015)
    __rt_lib_init_lc_numeric_1               0x080001a3   Thumb Code     0  libinit2.o(.ARM.Collect$$libinit$$00000017)
    __rt_lib_init_lc_time_1                  0x080001a3   Thumb Code     0  libinit2.o(.ARM.Collect$$libinit$$00000019)
    __rt_lib_init_preinit_1                  0x080001a3   Thumb Code     0  libinit2.o(.ARM.Collect$$libinit$$00000004)
    __rt_lib_init_rand_1                     0x080001a3   Thumb Code     0  libinit2.o(.ARM.Collect$$libinit$$0000000E)
    __rt_lib_init_return                     0x080001a3   Thumb Code     0  libinit2.o(.ARM.Collect$$libinit$$00000033)
    __rt_lib_init_signal_1                   0x080001a3   Thumb Code     0  libinit2.o(.ARM.Collect$$libinit$$0000001D)
    __rt_lib_init_stdio_1                    0x080001a3   Thumb Code     0  libinit2.o(.ARM.Collect$$libinit$$00000025)
    __rt_lib_init_user_alloc_1               0x080001a3   Thumb Code     0  libinit2.o(.ARM.Collect$$libinit$$0000000C)
    __rt_lib_shutdown                        0x080001a5   Thumb Code     0  libshutdown.o(.ARM.Collect$$libshutdown$$00000000)
    __rt_lib_shutdown_cpp_1                  0x080001a7   Thumb Code     0  libshutdown2.o(.ARM.Collect$$libshutdown$$00000002)
    __rt_lib_shutdown_fp_trap_1              0x080001a7   Thumb Code     0  libshutdown2.o(.ARM.Collect$$libshutdown$$00000007)
    __rt_lib_shutdown_heap_1                 0x080001a7   Thumb Code     0  libshutdown2.o(.ARM.Collect$$libshutdown$$0000000F)
    __rt_lib_shutdown_return                 0x080001a7   Thumb Code     0  libshutdown2.o(.ARM.Collect$$libshutdown$$00000010)
    __rt_lib_shutdown_signal_1               0x080001a7   Thumb Code     0  libshutdown2.o(.ARM.Collect$$libshutdown$$0000000A)
    __rt_lib_shutdown_stdio_1                0x080001a7   Thumb Code     0  libshutdown2.o(.ARM.Collect$$libshutdown$$00000004)
    __rt_lib_shutdown_user_alloc_1           0x080001a7   Thumb Code     0  libshutdown2.o(.ARM.Collect$$libshutdown$$0000000C)
    __rt_entry                               0x080001a9   Thumb Code     0  __rtentry.o(.ARM.Collect$$rtentry$$00000000)
    __rt_entry_presh_1                       0x080001a9   Thumb Code     0  __rtentry2.o(.ARM.Collect$$rtentry$$00000002)
    __rt_entry_sh                            0x080001a9   Thumb Code     0  __rtentry4.o(.ARM.Collect$$rtentry$$00000004)
    __rt_entry_li                            0x080001af   Thumb Code     0  __rtentry2.o(.ARM.Collect$$rtentry$$0000000A)
    __rt_entry_postsh_1                      0x080001af   Thumb Code     0  __rtentry2.o(.ARM.Collect$$rtentry$$00000009)
    __rt_entry_main                          0x080001b3   Thumb Code     0  __rtentry2.o(.ARM.Collect$$rtentry$$0000000D)
    __rt_entry_postli_1                      0x080001b3   Thumb Code     0  __rtentry2.o(.ARM.Collect$$rtentry$$0000000C)
    __rt_exit                                0x080001bb   Thumb Code     0  rtexit.o(.ARM.Collect$$rtexit$$00000000)
    __rt_exit_ls                             0x080001bd   Thumb Code     0  rtexit2.o(.ARM.Collect$$rtexit$$00000003)
    __rt_exit_prels_1                        0x080001bd   Thumb Code     0  rtexit2.o(.ARM.Collect$$rtexit$$00000002)
    __rt_exit_exit                           0x080001c1   Thumb Code     0  rtexit2.o(.ARM.Collect$$rtexit$$00000004)
    Reset_Handler                            0x080001c9   Thumb Code     8  startup_stm32f10x_md.o(.text)
    ADC1_2_IRQHandler                        0x080001e3   Thumb Code     0  startup_stm32f10x_md.o(.text)
    CAN1_RX1_IRQHandler                      0x080001e3   Thumb Code     0  startup_stm32f10x_md.o(.text)
    CAN1_SCE_IRQHandler                      0x080001e3   Thumb Code     0  startup_stm32f10x_md.o(.text)
    DMA1_Channel1_IRQHandler                 0x080001e3   Thumb Code     0  startup_stm32f10x_md.o(.text)
    DMA1_Channel2_IRQHandler                 0x080001e3   Thumb Code     0  startup_stm32f10x_md.o(.text)
    DMA1_Channel3_IRQHandler                 0x080001e3   Thumb Code     0  startup_stm32f10x_md.o(.text)
    DMA1_Channel4_IRQHandler                 0x080001e3   Thumb Code     0  startup_stm32f10x_md.o(.text)
    DMA1_Channel5_IRQHandler                 0x080001e3   Thumb Code     0  startup_stm32f10x_md.o(.text)
    DMA1_Channel6_IRQHandler                 0x080001e3   Thumb Code     0  startup_stm32f10x_md.o(.text)
    DMA1_Channel7_IRQHandler                 0x080001e3   Thumb Code     0  startup_stm32f10x_md.o(.text)
    EXTI0_IRQHandler                         0x080001e3   Thumb Code     0  startup_stm32f10x_md.o(.text)
    EXTI15_10_IRQHandler                     0x080001e3   Thumb Code     0  startup_stm32f10x_md.o(.text)
    EXTI1_IRQHandler                         0x080001e3   Thumb Code     0  startup_stm32f10x_md.o(.text)
    EXTI2_IRQHandler                         0x080001e3   Thumb Code     0  startup_stm32f10x_md.o(.text)
    EXTI3_IRQHandler                         0x080001e3   Thumb Code     0  startup_stm32f10x_md.o(.text)
    EXTI4_IRQHandler                         0x080001e3   Thumb Code     0  startup_stm32f10x_md.o(.text)
    EXTI9_5_IRQHandler                       0x080001e3   Thumb Code     0  startup_stm32f10x_md.o(.text)
    FLASH_IRQHandler                         0x080001e3   Thumb Code     0  startup_stm32f10x_md.o(.text)
    I2C1_ER_IRQHandler                       0x080001e3   Thumb Code     0  startup_stm32f10x_md.o(.text)
    I2C1_EV_IRQHandler                       0x080001e3   Thumb Code     0  startup_stm32f10x_md.o(.text)
    I2C2_ER_IRQHandler                       0x080001e3   Thumb Code     0  startup_stm32f10x_md.o(.text)
    I2C2_EV_IRQHandler                       0x080001e3   Thumb Code     0  startup_stm32f10x_md.o(.text)
    PVD_IRQHandler                           0x080001e3   Thumb Code     0  startup_stm32f10x_md.o(.text)
    RCC_IRQHandler                           0x080001e3   Thumb Code     0  startup_stm32f10x_md.o(.text)
    RTCAlarm_IRQHandler                      0x080001e3   Thumb Code     0  startup_stm32f10x_md.o(.text)
    RTC_IRQHandler                           0x080001e3   Thumb Code     0  startup_stm32f10x_md.o(.text)
    SPI1_IRQHandler                          0x080001e3   Thumb Code     0  startup_stm32f10x_md.o(.text)
    SPI2_IRQHandler                          0x080001e3   Thumb Code     0  startup_stm32f10x_md.o(.text)
    TAMPER_IRQHandler                        0x080001e3   Thumb Code     0  startup_stm32f10x_md.o(.text)
    TIM1_BRK_IRQHandler                      0x080001e3   Thumb Code     0  startup_stm32f10x_md.o(.text)
    TIM1_CC_IRQHandler                       0x080001e3   Thumb Code     0  startup_stm32f10x_md.o(.text)
    TIM1_TRG_COM_IRQHandler                  0x080001e3   Thumb Code     0  startup_stm32f10x_md.o(.text)
    TIM1_UP_IRQHandler                       0x080001e3   Thumb Code     0  startup_stm32f10x_md.o(.text)
    TIM2_IRQHandler                          0x080001e3   Thumb Code     0  startup_stm32f10x_md.o(.text)
    TIM3_IRQHandler                          0x080001e3   Thumb Code     0  startup_stm32f10x_md.o(.text)
    TIM4_IRQHandler                          0x080001e3   Thumb Code     0  startup_stm32f10x_md.o(.text)
    USART2_IRQHandler                        0x080001e3   Thumb Code     0  startup_stm32f10x_md.o(.text)
    USART3_IRQHandler                        0x080001e3   Thumb Code     0  startup_stm32f10x_md.o(.text)
    USBWakeUp_IRQHandler                     0x080001e3   Thumb Code     0  startup_stm32f10x_md.o(.text)
    USB_HP_CAN1_TX_IRQHandler                0x080001e3   Thumb Code     0  startup_stm32f10x_md.o(.text)
    USB_LP_CAN1_RX0_IRQHandler               0x080001e3   Thumb Code     0  startup_stm32f10x_md.o(.text)
    WWDG_IRQHandler                          0x080001e3   Thumb Code     0  startup_stm32f10x_md.o(.text)
    __user_initial_stackheap                 0x080001e5   Thumb Code     0  startup_stm32f10x_md.o(.text)
    __use_no_semihosting                     0x08000209   Thumb Code     2  use_no_semi_2.o(.text)
    __aeabi_memcpy4                          0x0800020b   Thumb Code     0  rt_memcpy_w.o(.text)
    __aeabi_memcpy8                          0x0800020b   Thumb Code     0  rt_memcpy_w.o(.text)
    __rt_memcpy_w                            0x0800020b   Thumb Code   100  rt_memcpy_w.o(.text)
    _memcpy_lastbytes_aligned                0x08000253   Thumb Code     0  rt_memcpy_w.o(.text)
    __use_two_region_memory                  0x0800026f   Thumb Code     2  heapauxi.o(.text)
    __rt_heap_escrow$2region                 0x08000271   Thumb Code     2  heapauxi.o(.text)
    __rt_heap_expand$2region                 0x08000273   Thumb Code     2  heapauxi.o(.text)
    __I$use$semihosting                      0x08000275   Thumb Code     0  use_no_semi.o(.text)
    __use_no_semihosting_swi                 0x08000275   Thumb Code     2  use_no_semi.o(.text)
    __user_libspace                          0x08000279   Thumb Code     8  libspace.o(.text)
    __user_perproc_libspace                  0x08000279   Thumb Code     0  libspace.o(.text)
    __user_perthread_libspace                0x08000279   Thumb Code     0  libspace.o(.text)
    __user_setup_stackheap                   0x08000281   Thumb Code    74  sys_stackheap_outer.o(.text)
    exit                                     0x080002cb   Thumb Code    18  exit.o(.text)
    BusFault_Handler                         0x080002dd   Thumb Code     4  stm32f10x_it.o(i.BusFault_Handler)
    DebugMon_Handler                         0x080002e1   Thumb Code     2  stm32f10x_it.o(i.DebugMon_Handler)
    Delay_ms                                 0x080002e3   Thumb Code    24  delay.o(i.Delay_ms)
    Delay_s                                  0x080002fb   Thumb Code    24  delay.o(i.Delay_s)
    Delay_us                                 0x08000313   Thumb Code    46  delay.o(i.Delay_us)
    GPIO_Init                                0x08000341   Thumb Code   278  stm32f10x_gpio.o(i.GPIO_Init)
    GPIO_ReadInputDataBit                    0x08000457   Thumb Code    18  stm32f10x_gpio.o(i.GPIO_ReadInputDataBit)
    GPIO_ResetBits                           0x08000469   Thumb Code     4  stm32f10x_gpio.o(i.GPIO_ResetBits)
    GPIO_SetBits                             0x0800046d   Thumb Code     4  stm32f10x_gpio.o(i.GPIO_SetBits)
    GPIO_WriteBit                            0x08000471   Thumb Code    10  stm32f10x_gpio.o(i.GPIO_WriteBit)
    HardFault_Handler                        0x0800047b   Thumb Code     4  stm32f10x_it.o(i.HardFault_Handler)
    ID_1                                     0x08000481   Thumb Code    26  id.o(i.ID_1)
    ID_2                                     0x080004a5   Thumb Code   198  id.o(i.ID_2)
    LED1_OFF                                 0x080005a5   Thumb Code    14  led.o(i.LED1_OFF)
    LED1_ON                                  0x080005b9   Thumb Code    14  led.o(i.LED1_ON)
    LED_Init                                 0x080005cd   Thumb Code    50  led.o(i.LED_Init)
    MatrixKey_GetValue                       0x08000605   Thumb Code   200  matrixkey.o(i.MatrixKey_GetValue)
    MatrixKey_Init                           0x080006d1   Thumb Code    74  matrixkey.o(i.MatrixKey_Init)
    MatrixKey_determine                      0x08000725   Thumb Code   128  matrixkey.o(i.MatrixKey_determine)
    MemManage_Handler                        0x080007a9   Thumb Code     4  stm32f10x_it.o(i.MemManage_Handler)
    NMI_Handler                              0x080007ad   Thumb Code     2  stm32f10x_it.o(i.NMI_Handler)
    NVIC_Init                                0x080007b1   Thumb Code   100  misc.o(i.NVIC_Init)
    NVIC_PriorityGroupConfig                 0x08000821   Thumb Code    10  misc.o(i.NVIC_PriorityGroupConfig)
    OLED_Clear                               0x08000835   Thumb Code    42  oled.o(i.OLED_Clear)
    OLED_I2C_Init                            0x08000861   Thumb Code    76  oled.o(i.OLED_I2C_Init)
    OLED_I2C_SendByte                        0x080008b1   Thumb Code    80  oled.o(i.OLED_I2C_SendByte)
    OLED_I2C_Start                           0x08000905   Thumb Code    48  oled.o(i.OLED_I2C_Start)
    OLED_I2C_Stop                            0x08000939   Thumb Code    36  oled.o(i.OLED_I2C_Stop)
    OLED_Init                                0x08000961   Thumb Code   174  oled.o(i.OLED_Init)
    OLED_Pow                                 0x08000a0f   Thumb Code    20  oled.o(i.OLED_Pow)
    OLED_SetCursor                           0x08000a23   Thumb Code    34  oled.o(i.OLED_SetCursor)
    OLED_ShowChar                            0x08000a45   Thumb Code   110  oled.o(i.OLED_ShowChar)
    OLED_ShowNum                             0x08000ab9   Thumb Code    68  oled.o(i.OLED_ShowNum)
    OLED_ShowString                          0x08000afd   Thumb Code    40  oled.o(i.OLED_ShowString)
    OLED_WriteCommand                        0x08000b25   Thumb Code    32  oled.o(i.OLED_WriteCommand)
    OLED_WriteData                           0x08000b45   Thumb Code    32  oled.o(i.OLED_WriteData)
    Openmv_Data                              0x08000b65   Thumb Code    94  openmv.o(i.Openmv_Data)
    Openmv_Receive_Data                      0x08000bcd   Thumb Code   350  openmv.o(i.Openmv_Receive_Data)
    PWM3_Init                                0x08000d39   Thumb Code   140  pwm.o(i.PWM3_Init)
    PWM_Init                                 0x08000dcd   Thumb Code   180  pwm.o(i.PWM_Init)
    PWM_SetCompare1                          0x08000e85   Thumb Code    16  pwm.o(i.PWM_SetCompare1)
    PWM_SetCompare2                          0x08000e95   Thumb Code    16  pwm.o(i.PWM_SetCompare2)
    PWM_SetCompare3                          0x08000ea5   Thumb Code    16  pwm.o(i.PWM_SetCompare3)
    PWM_SetCompare4                          0x08000eb5   Thumb Code    16  pwm.o(i.PWM_SetCompare4)
    PWM_SetCompare_mondile                   0x08000ec5   Thumb Code    14  pwm.o(i.PWM_SetCompare_mondile)
    PendSV_Handler                           0x08000ed9   Thumb Code     2  stm32f10x_it.o(i.PendSV_Handler)
    RCC_APB1PeriphClockCmd                   0x08000edd   Thumb Code    26  stm32f10x_rcc.o(i.RCC_APB1PeriphClockCmd)
    RCC_APB2PeriphClockCmd                   0x08000efd   Thumb Code    26  stm32f10x_rcc.o(i.RCC_APB2PeriphClockCmd)
    RCC_GetClocksFreq                        0x08000f1d   Thumb Code   192  stm32f10x_rcc.o(i.RCC_GetClocksFreq)
    SVC_Handler                              0x08000ff1   Thumb Code     2  stm32f10x_it.o(i.SVC_Handler)
    Servo_SetAngle1                          0x08000ff5   Thumb Code    48  servo.o(i.Servo_SetAngle1)
    Servo_SetAngle3                          0x08001031   Thumb Code    48  servo.o(i.Servo_SetAngle3)
    SysTick_Handler                          0x08001155   Thumb Code     2  stm32f10x_it.o(i.SysTick_Handler)
    SystemInit                               0x08001159   Thumb Code    78  system_stm32f10x.o(i.SystemInit)
    TIM_Cmd                                  0x080011b9   Thumb Code    24  stm32f10x_tim.o(i.TIM_Cmd)
    TIM_InternalClockConfig                  0x080011d1   Thumb Code    12  stm32f10x_tim.o(i.TIM_InternalClockConfig)
    TIM_OC1Init                              0x080011dd   Thumb Code   132  stm32f10x_tim.o(i.TIM_OC1Init)
    TIM_OC2Init                              0x08001275   Thumb Code   154  stm32f10x_tim.o(i.TIM_OC2Init)
    TIM_OC3Init                              0x08001319   Thumb Code   150  stm32f10x_tim.o(i.TIM_OC3Init)
    TIM_OC4Init                              0x080013b9   Thumb Code   114  stm32f10x_tim.o(i.TIM_OC4Init)
    TIM_OCStructInit                         0x08001435   Thumb Code    20  stm32f10x_tim.o(i.TIM_OCStructInit)
    TIM_SetCompare1                          0x08001449   Thumb Code     4  stm32f10x_tim.o(i.TIM_SetCompare1)
    TIM_SetCompare2                          0x0800144d   Thumb Code     4  stm32f10x_tim.o(i.TIM_SetCompare2)
    TIM_SetCompare3                          0x08001451   Thumb Code     4  stm32f10x_tim.o(i.TIM_SetCompare3)
    TIM_SetCompare4                          0x08001455   Thumb Code     6  stm32f10x_tim.o(i.TIM_SetCompare4)
    TIM_TimeBaseInit                         0x0800145d   Thumb Code   122  stm32f10x_tim.o(i.TIM_TimeBaseInit)
    USART1_IRQHandler                        0x08001501   Thumb Code   144  serial.o(i.USART1_IRQHandler)
    USART_ClearITPendingBit                  0x0800159d   Thumb Code    30  stm32f10x_usart.o(i.USART_ClearITPendingBit)
    USART_Cmd                                0x080015bb   Thumb Code    24  stm32f10x_usart.o(i.USART_Cmd)
    USART_GetITStatus                        0x080015d3   Thumb Code    84  stm32f10x_usart.o(i.USART_GetITStatus)
    USART_ITConfig                           0x08001627   Thumb Code    74  stm32f10x_usart.o(i.USART_ITConfig)
    USART_Init                               0x08001671   Thumb Code   210  stm32f10x_usart.o(i.USART_Init)
    USART_ReceiveData                        0x08001749   Thumb Code    10  stm32f10x_usart.o(i.USART_ReceiveData)
    UsageFault_Handler                       0x08001753   Thumb Code     4  stm32f10x_it.o(i.UsageFault_Handler)
    _sys_exit                                0x08001757   Thumb Code     4  serial.o(i._sys_exit)
    check_lose                               0x0800175d   Thumb Code   578  play.o(i.check_lose)
    check_pass                               0x080019a9   Thumb Code    76  matrixkey.o(i.check_pass)
    check_weigui                             0x08001a01   Thumb Code   160  find.o(i.check_weigui)
    check_win                                0x08001ab1   Thumb Code   578  play.o(i.check_win)
    chessboard_init                          0x08001cfd   Thumb Code    24  find.o(i.chessboard_init)
    dong                                     0x08001d1d   Thumb Code    76  dong.o(i.dong)
    duoji_1                                  0x08001d69   Thumb Code    12  duoji.o(i.duoji_1)
    duoji_3                                  0x08001d75   Thumb Code    12  duoji.o(i.duoji_3)
    findClosestValue                         0x08001d81   Thumb Code   136  id.o(i.findClosestValue)
    full                                     0x08001e0d   Thumb Code    38  play.o(i.full)
    guiwei                                   0x08001e39   Thumb Code    18  id.o(i.guiwei)
    last                                     0x08001e55   Thumb Code     6  find.o(i.last)
    main                                     0x08001e61   Thumb Code   122  main.o(i.main)
    must_lose_step                           0x08001ee5   Thumb Code    88  find.o(i.must_lose_step)
    no_1                                     0x08001f41   Thumb Code    98  topic.o(i.no_1)
    no_2                                     0x08001fbd   Thumb Code    40  topic.o(i.no_2)
    no_3                                     0x08001fed   Thumb Code    68  topic.o(i.no_3)
    no_4                                     0x0800203d   Thumb Code   116  topic.o(i.no_4)
    no_5                                     0x080020d9   Thumb Code   136  topic.o(i.no_5)
    no_6                                     0x08002181   Thumb Code    64  topic.o(i.no_6)
    now                                      0x080021d1   Thumb Code     6  find.o(i.now)
    play                                     0x080021dd   Thumb Code   856  play.o(i.play)
    put                                      0x0800253d   Thumb Code    96  topic.o(i.put)
    qibeng_fang                              0x080025a1   Thumb Code    18  dong.o(i.qibeng_fang)
    qibeng_ting                              0x080025b3   Thumb Code    16  dong.o(i.qibeng_ting)
    qibeng_xi                                0x080025c3   Thumb Code    18  dong.o(i.qibeng_xi)
    scratch                                  0x080025d5   Thumb Code    60  topic.o(i.scratch)
    scratch_2                                0x08002611   Thumb Code    72  topic.o(i.scratch_2)
    show                                     0x0800265d   Thumb Code   166  openmv.o(i.show)
    uart_init                                0x08002709   Thumb Code   174  serial.o(i.uart_init)
    __aeabi_dadd                             0x080027c1   Thumb Code     0  daddsub_clz.o(x$fpl$dadd)
    _dadd                                    0x080027c1   Thumb Code   332  daddsub_clz.o(x$fpl$dadd)
    __fpl_dcmp_Inf                           0x08002911   Thumb Code    24  dcmpi.o(x$fpl$dcmpinf)
    __aeabi_d2iz                             0x08002929   Thumb Code     0  dfix.o(x$fpl$dfix)
    _dfix                                    0x08002929   Thumb Code    94  dfix.o(x$fpl$dfix)
    __aeabi_i2d                              0x08002987   Thumb Code     0  dflt_clz.o(x$fpl$dflt)
    _dflt                                    0x08002987   Thumb Code    46  dflt_clz.o(x$fpl$dflt)
    __aeabi_cdcmple                          0x080029b5   Thumb Code     0  dleqf.o(x$fpl$dleqf)
    _dcmple                                  0x080029b5   Thumb Code   120  dleqf.o(x$fpl$dleqf)
    __fpl_dcmple_InfNaN                      0x08002a17   Thumb Code     0  dleqf.o(x$fpl$dleqf)
    __fpl_dnaninf                            0x08002a2d   Thumb Code   156  dnaninf.o(x$fpl$dnaninf)
    __fpl_dretinf                            0x08002ac9   Thumb Code    12  dretinf.o(x$fpl$dretinf)
    __aeabi_cdrcmple                         0x08002ad5   Thumb Code     0  drleqf.o(x$fpl$drleqf)
    _drcmple                                 0x08002ad5   Thumb Code   108  drleqf.o(x$fpl$drleqf)
    __aeabi_drsub                            0x08002b41   Thumb Code     0  daddsub_clz.o(x$fpl$drsb)
    _drsb                                    0x08002b41   Thumb Code    22  daddsub_clz.o(x$fpl$drsb)
    __aeabi_dsub                             0x08002b59   Thumb Code     0  daddsub_clz.o(x$fpl$dsub)
    _dsub                                    0x08002b59   Thumb Code   464  daddsub_clz.o(x$fpl$dsub)
    __aeabi_fadd                             0x08002d2d   Thumb Code     0  faddsub_clz.o(x$fpl$fadd)
    _fadd                                    0x08002d2d   Thumb Code   196  faddsub_clz.o(x$fpl$fadd)
    __aeabi_fdiv                             0x08002df1   Thumb Code     0  fdiv.o(x$fpl$fdiv)
    _fdiv                                    0x08002df1   Thumb Code   384  fdiv.o(x$fpl$fdiv)
    __aeabi_f2uiz                            0x08002f75   Thumb Code     0  ffixu.o(x$fpl$ffixu)
    _ffixu                                   0x08002f75   Thumb Code    62  ffixu.o(x$fpl$ffixu)
    __aeabi_i2f                              0x08002fb5   Thumb Code     0  fflt_clz.o(x$fpl$fflt)
    _fflt                                    0x08002fb5   Thumb Code    48  fflt_clz.o(x$fpl$fflt)
    __aeabi_fmul                             0x08002fe5   Thumb Code     0  fmul.o(x$fpl$fmul)
    _fmul                                    0x08002fe5   Thumb Code   258  fmul.o(x$fpl$fmul)
    __fpl_fnaninf                            0x080030e7   Thumb Code   140  fnaninf.o(x$fpl$fnaninf)
    __fpl_fretinf                            0x08003173   Thumb Code    10  fretinf.o(x$fpl$fretinf)
    __aeabi_fsub                             0x0800317d   Thumb Code     0  faddsub_clz.o(x$fpl$fsub)
    _fsub                                    0x0800317d   Thumb Code   234  faddsub_clz.o(x$fpl$fsub)
    OLED_F8x16                               0x08003266   Data        1520  oled.o(.constdata)
    __I$use$fp                               0x08003266   Number         0  usenofp.o(x$fpl$usenofp)
    Region$$Table$$Base                      0x08003874   Number         0  anon$$obj.o(Region$$Table)
    Region$$Table$$Limit                     0x08003894   Number         0  anon$$obj.o(Region$$Table)
    __stdout                                 0x20000014   Data           4  serial.o(.data)
    USART_RX_STA                             0x20000018   Data           2  serial.o(.data)
    i                                        0x2000001c   Data           4  openmv.o(.data)
    chess_x                                  0x2000002c   Data          44  id.o(.data)
    chess_y                                  0x20000058   Data          44  id.o(.data)
    board_0_x                                0x20000084   Data          40  id.o(.data)
    board_0_y                                0x200000ac   Data          40  id.o(.data)
    board_15_x                               0x200000d4   Data          40  id.o(.data)
    board_15_y                               0x200000fc   Data          40  id.o(.data)
    board_30_x                               0x20000124   Data          40  id.o(.data)
    board_30_y                               0x2000014c   Data          40  id.o(.data)
    board_45_x                               0x20000174   Data          40  id.o(.data)
    board_45_y                               0x2000019c   Data          40  id.o(.data)
    board_f15_x                              0x200001c4   Data          40  id.o(.data)
    board_f15_y                              0x200001ec   Data          40  id.o(.data)
    board_f30_x                              0x20000214   Data          40  id.o(.data)
    board_f30_y                              0x2000023c   Data          40  id.o(.data)
    board_f45_x                              0x20000264   Data          40  id.o(.data)
    board_f45_y                              0x2000028c   Data          40  id.o(.data)
    angle                                    0x200002bc   Data           4  topic.o(.data)
    RxData                                   0x200002c8   Data           1  main.o(.data)
    pass                                     0x200002cc   Data           4  main.o(.data)
    USART_RX_BUF                             0x200002d0   Data         200  serial.o(.bss)
    last_data                                0x20000398   Data          20  find.o(.bss)
    openmv                                   0x200003ac   Data          48  main.o(.bss)
    data                                     0x200003dc   Data          20  main.o(.bss)
    __libspace_start                         0x200003f0   Data          96  libspace.o(.bss)
    __temporary_stack_top$libspace           0x20000450   Data           0  libspace.o(.bss)



==============================================================================

Memory Map of the image

  Image Entry point : 0x080000ed

  Load Region LR_IROM1 (Base: 0x08000000, Size: 0x00003b64, Max: 0x00010000, ABSOLUTE, COMPRESSED[0x000039a8])

    Execution Region ER_IROM1 (Exec base: 0x08000000, Load base: 0x08000000, Size: 0x00003894, Max: 0x00010000, ABSOLUTE)

    Exec Addr    Load Addr    Size         Type   Attr      Idx    E Section Name        Object

    0x08000000   0x08000000   0x000000ec   Data   RO            3    RESET               startup_stm32f10x_md.o
    0x080000ec   0x080000ec   0x00000008   Code   RO         4740  * !!!main             c_w.l(__main.o)
    0x080000f4   0x080000f4   0x00000034   Code   RO         5073    !!!scatter          c_w.l(__scatter.o)
    0x08000128   0x08000128   0x0000005a   Code   RO         5071    !!dczerorl2         c_w.l(__dczerorl2.o)
    0x08000182   0x08000182   0x00000002   PAD
    0x08000184   0x08000184   0x0000001c   Code   RO         5075    !!handler_zi        c_w.l(__scatter_zi.o)
    0x080001a0   0x080001a0   0x00000002   Code   RO         4940    .ARM.Collect$$libinit$$00000000  c_w.l(libinit.o)
    0x080001a2   0x080001a2   0x00000000   Code   RO         4950    .ARM.Collect$$libinit$$00000002  c_w.l(libinit2.o)
    0x080001a2   0x080001a2   0x00000000   Code   RO         4952    .ARM.Collect$$libinit$$00000004  c_w.l(libinit2.o)
    0x080001a2   0x080001a2   0x00000000   Code   RO         4955    .ARM.Collect$$libinit$$0000000A  c_w.l(libinit2.o)
    0x080001a2   0x080001a2   0x00000000   Code   RO         4957    .ARM.Collect$$libinit$$0000000C  c_w.l(libinit2.o)
    0x080001a2   0x080001a2   0x00000000   Code   RO         4959    .ARM.Collect$$libinit$$0000000E  c_w.l(libinit2.o)
    0x080001a2   0x080001a2   0x00000000   Code   RO         4962    .ARM.Collect$$libinit$$00000011  c_w.l(libinit2.o)
    0x080001a2   0x080001a2   0x00000000   Code   RO         4964    .ARM.Collect$$libinit$$00000013  c_w.l(libinit2.o)
    0x080001a2   0x080001a2   0x00000000   Code   RO         4966    .ARM.Collect$$libinit$$00000015  c_w.l(libinit2.o)
    0x080001a2   0x080001a2   0x00000000   Code   RO         4968    .ARM.Collect$$libinit$$00000017  c_w.l(libinit2.o)
    0x080001a2   0x080001a2   0x00000000   Code   RO         4970    .ARM.Collect$$libinit$$00000019  c_w.l(libinit2.o)
    0x080001a2   0x080001a2   0x00000000   Code   RO         4972    .ARM.Collect$$libinit$$0000001B  c_w.l(libinit2.o)
    0x080001a2   0x080001a2   0x00000000   Code   RO         4974    .ARM.Collect$$libinit$$0000001D  c_w.l(libinit2.o)
    0x080001a2   0x080001a2   0x00000000   Code   RO         4976    .ARM.Collect$$libinit$$0000001F  c_w.l(libinit2.o)
    0x080001a2   0x080001a2   0x00000000   Code   RO         4978    .ARM.Collect$$libinit$$00000021  c_w.l(libinit2.o)
    0x080001a2   0x080001a2   0x00000000   Code   RO         4980    .ARM.Collect$$libinit$$00000023  c_w.l(libinit2.o)
    0x080001a2   0x080001a2   0x00000000   Code   RO         4982    .ARM.Collect$$libinit$$00000025  c_w.l(libinit2.o)
    0x080001a2   0x080001a2   0x00000000   Code   RO         4986    .ARM.Collect$$libinit$$0000002C  c_w.l(libinit2.o)
    0x080001a2   0x080001a2   0x00000000   Code   RO         4988    .ARM.Collect$$libinit$$0000002E  c_w.l(libinit2.o)
    0x080001a2   0x080001a2   0x00000000   Code   RO         4990    .ARM.Collect$$libinit$$00000030  c_w.l(libinit2.o)
    0x080001a2   0x080001a2   0x00000000   Code   RO         4992    .ARM.Collect$$libinit$$00000032  c_w.l(libinit2.o)
    0x080001a2   0x080001a2   0x00000002   Code   RO         4993    .ARM.Collect$$libinit$$00000033  c_w.l(libinit2.o)
    0x080001a4   0x080001a4   0x00000002   Code   RO         5023    .ARM.Collect$$libshutdown$$00000000  c_w.l(libshutdown.o)
    0x080001a6   0x080001a6   0x00000000   Code   RO         5037    .ARM.Collect$$libshutdown$$00000002  c_w.l(libshutdown2.o)
    0x080001a6   0x080001a6   0x00000000   Code   RO         5039    .ARM.Collect$$libshutdown$$00000004  c_w.l(libshutdown2.o)
    0x080001a6   0x080001a6   0x00000000   Code   RO         5042    .ARM.Collect$$libshutdown$$00000007  c_w.l(libshutdown2.o)
    0x080001a6   0x080001a6   0x00000000   Code   RO         5045    .ARM.Collect$$libshutdown$$0000000A  c_w.l(libshutdown2.o)
    0x080001a6   0x080001a6   0x00000000   Code   RO         5047    .ARM.Collect$$libshutdown$$0000000C  c_w.l(libshutdown2.o)
    0x080001a6   0x080001a6   0x00000000   Code   RO         5050    .ARM.Collect$$libshutdown$$0000000F  c_w.l(libshutdown2.o)
    0x080001a6   0x080001a6   0x00000002   Code   RO         5051    .ARM.Collect$$libshutdown$$00000010  c_w.l(libshutdown2.o)
    0x080001a8   0x080001a8   0x00000000   Code   RO         4822    .ARM.Collect$$rtentry$$00000000  c_w.l(__rtentry.o)
    0x080001a8   0x080001a8   0x00000000   Code   RO         4887    .ARM.Collect$$rtentry$$00000002  c_w.l(__rtentry2.o)
    0x080001a8   0x080001a8   0x00000006   Code   RO         4899    .ARM.Collect$$rtentry$$00000004  c_w.l(__rtentry4.o)
    0x080001ae   0x080001ae   0x00000000   Code   RO         4889    .ARM.Collect$$rtentry$$00000009  c_w.l(__rtentry2.o)
    0x080001ae   0x080001ae   0x00000004   Code   RO         4890    .ARM.Collect$$rtentry$$0000000A  c_w.l(__rtentry2.o)
    0x080001b2   0x080001b2   0x00000000   Code   RO         4892    .ARM.Collect$$rtentry$$0000000C  c_w.l(__rtentry2.o)
    0x080001b2   0x080001b2   0x00000008   Code   RO         4893    .ARM.Collect$$rtentry$$0000000D  c_w.l(__rtentry2.o)
    0x080001ba   0x080001ba   0x00000002   Code   RO         4943    .ARM.Collect$$rtexit$$00000000  c_w.l(rtexit.o)
    0x080001bc   0x080001bc   0x00000000   Code   RO         4997    .ARM.Collect$$rtexit$$00000002  c_w.l(rtexit2.o)
    0x080001bc   0x080001bc   0x00000004   Code   RO         4998    .ARM.Collect$$rtexit$$00000003  c_w.l(rtexit2.o)
    0x080001c0   0x080001c0   0x00000006   Code   RO         4999    .ARM.Collect$$rtexit$$00000004  c_w.l(rtexit2.o)
    0x080001c6   0x080001c6   0x00000002   PAD
    0x080001c8   0x080001c8   0x00000040   Code   RO            4    .text               startup_stm32f10x_md.o
    0x08000208   0x08000208   0x00000002   Code   RO         4674    .text               c_w.l(use_no_semi_2.o)
    0x0800020a   0x0800020a   0x00000064   Code   RO         4734    .text               c_w.l(rt_memcpy_w.o)
    0x0800026e   0x0800026e   0x00000006   Code   RO         4738    .text               c_w.l(heapauxi.o)
    0x08000274   0x08000274   0x00000002   Code   RO         4820    .text               c_w.l(use_no_semi.o)
    0x08000276   0x08000276   0x00000002   PAD
    0x08000278   0x08000278   0x00000008   Code   RO         4924    .text               c_w.l(libspace.o)
    0x08000280   0x08000280   0x0000004a   Code   RO         4927    .text               c_w.l(sys_stackheap_outer.o)
    0x080002ca   0x080002ca   0x00000012   Code   RO         4933    .text               c_w.l(exit.o)
    0x080002dc   0x080002dc   0x00000004   Code   RO         4609    i.BusFault_Handler  stm32f10x_it.o
    0x080002e0   0x080002e0   0x00000002   Code   RO         4610    i.DebugMon_Handler  stm32f10x_it.o
    0x080002e2   0x080002e2   0x00000018   Code   RO         3196    i.Delay_ms          delay.o
    0x080002fa   0x080002fa   0x00000018   Code   RO         3197    i.Delay_s           delay.o
    0x08000312   0x08000312   0x0000002e   Code   RO         3198    i.Delay_us          delay.o
    0x08000340   0x08000340   0x00000116   Code   RO         1347    i.GPIO_Init         stm32f10x_gpio.o
    0x08000456   0x08000456   0x00000012   Code   RO         1351    i.GPIO_ReadInputDataBit  stm32f10x_gpio.o
    0x08000468   0x08000468   0x00000004   Code   RO         1354    i.GPIO_ResetBits    stm32f10x_gpio.o
    0x0800046c   0x0800046c   0x00000004   Code   RO         1355    i.GPIO_SetBits      stm32f10x_gpio.o
    0x08000470   0x08000470   0x0000000a   Code   RO         1358    i.GPIO_WriteBit     stm32f10x_gpio.o
    0x0800047a   0x0800047a   0x00000004   Code   RO         4611    i.HardFault_Handler  stm32f10x_it.o
    0x0800047e   0x0800047e   0x00000002   PAD
    0x08000480   0x08000480   0x00000024   Code   RO         3634    i.ID_1              id.o
    0x080004a4   0x080004a4   0x00000100   Code   RO         3635    i.ID_2              id.o
    0x080005a4   0x080005a4   0x00000014   Code   RO         4206    i.LED1_OFF          led.o
    0x080005b8   0x080005b8   0x00000014   Code   RO         4207    i.LED1_ON           led.o
    0x080005cc   0x080005cc   0x00000038   Code   RO         4212    i.LED_Init          led.o
    0x08000604   0x08000604   0x000000cc   Code   RO         4254    i.MatrixKey_GetValue  matrixkey.o
    0x080006d0   0x080006d0   0x00000054   Code   RO         4255    i.MatrixKey_Init    matrixkey.o
    0x08000724   0x08000724   0x00000084   Code   RO         4256    i.MatrixKey_determine  matrixkey.o
    0x080007a8   0x080007a8   0x00000004   Code   RO         4612    i.MemManage_Handler  stm32f10x_it.o
    0x080007ac   0x080007ac   0x00000002   Code   RO         4613    i.NMI_Handler       stm32f10x_it.o
    0x080007ae   0x080007ae   0x00000002   PAD
    0x080007b0   0x080007b0   0x00000070   Code   RO          137    i.NVIC_Init         misc.o
    0x08000820   0x08000820   0x00000014   Code   RO          138    i.NVIC_PriorityGroupConfig  misc.o
    0x08000834   0x08000834   0x0000002a   Code   RO         3251    i.OLED_Clear        oled.o
    0x0800085e   0x0800085e   0x00000002   PAD
    0x08000860   0x08000860   0x00000050   Code   RO         3252    i.OLED_I2C_Init     oled.o
    0x080008b0   0x080008b0   0x00000054   Code   RO         3253    i.OLED_I2C_SendByte  oled.o
    0x08000904   0x08000904   0x00000034   Code   RO         3254    i.OLED_I2C_Start    oled.o
    0x08000938   0x08000938   0x00000028   Code   RO         3255    i.OLED_I2C_Stop     oled.o
    0x08000960   0x08000960   0x000000ae   Code   RO         3256    i.OLED_Init         oled.o
    0x08000a0e   0x08000a0e   0x00000014   Code   RO         3257    i.OLED_Pow          oled.o
    0x08000a22   0x08000a22   0x00000022   Code   RO         3258    i.OLED_SetCursor    oled.o
    0x08000a44   0x08000a44   0x00000074   Code   RO         3260    i.OLED_ShowChar     oled.o
    0x08000ab8   0x08000ab8   0x00000044   Code   RO         3262    i.OLED_ShowNum      oled.o
    0x08000afc   0x08000afc   0x00000028   Code   RO         3264    i.OLED_ShowString   oled.o
    0x08000b24   0x08000b24   0x00000020   Code   RO         3265    i.OLED_WriteCommand  oled.o
    0x08000b44   0x08000b44   0x00000020   Code   RO         3266    i.OLED_WriteData    oled.o
    0x08000b64   0x08000b64   0x00000068   Code   RO         3452    i.Openmv_Data       openmv.o
    0x08000bcc   0x08000bcc   0x0000016c   Code   RO         3453    i.Openmv_Receive_Data  openmv.o
    0x08000d38   0x08000d38   0x00000094   Code   RO         3359    i.PWM3_Init         pwm.o
    0x08000dcc   0x08000dcc   0x000000b8   Code   RO         3360    i.PWM_Init          pwm.o
    0x08000e84   0x08000e84   0x00000010   Code   RO         3361    i.PWM_SetCompare1   pwm.o
    0x08000e94   0x08000e94   0x00000010   Code   RO         3362    i.PWM_SetCompare2   pwm.o
    0x08000ea4   0x08000ea4   0x00000010   Code   RO         3363    i.PWM_SetCompare3   pwm.o
    0x08000eb4   0x08000eb4   0x00000010   Code   RO         3364    i.PWM_SetCompare4   pwm.o
    0x08000ec4   0x08000ec4   0x00000014   Code   RO         3365    i.PWM_SetCompare_mondile  pwm.o
    0x08000ed8   0x08000ed8   0x00000002   Code   RO         4614    i.PendSV_Handler    stm32f10x_it.o
    0x08000eda   0x08000eda   0x00000002   PAD
    0x08000edc   0x08000edc   0x00000020   Code   RO         1775    i.RCC_APB1PeriphClockCmd  stm32f10x_rcc.o
    0x08000efc   0x08000efc   0x00000020   Code   RO         1777    i.RCC_APB2PeriphClockCmd  stm32f10x_rcc.o
    0x08000f1c   0x08000f1c   0x000000d4   Code   RO         1785    i.RCC_GetClocksFreq  stm32f10x_rcc.o
    0x08000ff0   0x08000ff0   0x00000002   Code   RO         4615    i.SVC_Handler       stm32f10x_it.o
    0x08000ff2   0x08000ff2   0x00000002   PAD
    0x08000ff4   0x08000ff4   0x0000003c   Code   RO         4423    i.Servo_SetAngle1   servo.o
    0x08001030   0x08001030   0x0000003c   Code   RO         4425    i.Servo_SetAngle3   servo.o
    0x0800106c   0x0800106c   0x00000008   Code   RO           24    i.SetSysClock       system_stm32f10x.o
    0x08001074   0x08001074   0x000000e0   Code   RO           25    i.SetSysClockTo72   system_stm32f10x.o
    0x08001154   0x08001154   0x00000002   Code   RO         4616    i.SysTick_Handler   stm32f10x_it.o
    0x08001156   0x08001156   0x00000002   PAD
    0x08001158   0x08001158   0x00000060   Code   RO           27    i.SystemInit        system_stm32f10x.o
    0x080011b8   0x080011b8   0x00000018   Code   RO         2421    i.TIM_Cmd           stm32f10x_tim.o
    0x080011d0   0x080011d0   0x0000000c   Code   RO         2448    i.TIM_InternalClockConfig  stm32f10x_tim.o
    0x080011dc   0x080011dc   0x00000098   Code   RO         2450    i.TIM_OC1Init       stm32f10x_tim.o
    0x08001274   0x08001274   0x000000a4   Code   RO         2455    i.TIM_OC2Init       stm32f10x_tim.o
    0x08001318   0x08001318   0x000000a0   Code   RO         2460    i.TIM_OC3Init       stm32f10x_tim.o
    0x080013b8   0x080013b8   0x0000007c   Code   RO         2465    i.TIM_OC4Init       stm32f10x_tim.o
    0x08001434   0x08001434   0x00000014   Code   RO         2468    i.TIM_OCStructInit  stm32f10x_tim.o
    0x08001448   0x08001448   0x00000004   Code   RO         2482    i.TIM_SetCompare1   stm32f10x_tim.o
    0x0800144c   0x0800144c   0x00000004   Code   RO         2483    i.TIM_SetCompare2   stm32f10x_tim.o
    0x08001450   0x08001450   0x00000004   Code   RO         2484    i.TIM_SetCompare3   stm32f10x_tim.o
    0x08001454   0x08001454   0x00000006   Code   RO         2485    i.TIM_SetCompare4   stm32f10x_tim.o
    0x0800145a   0x0800145a   0x00000002   PAD
    0x0800145c   0x0800145c   0x000000a4   Code   RO         2492    i.TIM_TimeBaseInit  stm32f10x_tim.o
    0x08001500   0x08001500   0x0000009c   Code   RO         3407    i.USART1_IRQHandler  serial.o
    0x0800159c   0x0800159c   0x0000001e   Code   RO         2957    i.USART_ClearITPendingBit  stm32f10x_usart.o
    0x080015ba   0x080015ba   0x00000018   Code   RO         2960    i.USART_Cmd         stm32f10x_usart.o
    0x080015d2   0x080015d2   0x00000054   Code   RO         2964    i.USART_GetITStatus  stm32f10x_usart.o
    0x08001626   0x08001626   0x0000004a   Code   RO         2966    i.USART_ITConfig    stm32f10x_usart.o
    0x08001670   0x08001670   0x000000d8   Code   RO         2967    i.USART_Init        stm32f10x_usart.o
    0x08001748   0x08001748   0x0000000a   Code   RO         2974    i.USART_ReceiveData  stm32f10x_usart.o
    0x08001752   0x08001752   0x00000004   Code   RO         4617    i.UsageFault_Handler  stm32f10x_it.o
    0x08001756   0x08001756   0x00000004   Code   RO         3408    i._sys_exit         serial.o
    0x0800175a   0x0800175a   0x00000002   PAD
    0x0800175c   0x0800175c   0x0000024c   Code   RO         3490    i.check_lose        play.o
    0x080019a8   0x080019a8   0x00000058   Code   RO         4257    i.check_pass        matrixkey.o
    0x08001a00   0x08001a00   0x000000b0   Code   RO         3521    i.check_weigui      find.o
    0x08001ab0   0x08001ab0   0x0000024c   Code   RO         3491    i.check_win         play.o
    0x08001cfc   0x08001cfc   0x00000020   Code   RO         3522    i.chessboard_init   find.o
    0x08001d1c   0x08001d1c   0x0000004c   Code   RO         3563    i.dong              dong.o
    0x08001d68   0x08001d68   0x0000000c   Code   RO         3610    i.duoji_1           duoji.o
    0x08001d74   0x08001d74   0x0000000c   Code   RO         3612    i.duoji_3           duoji.o
    0x08001d80   0x08001d80   0x0000008c   Code   RO         3636    i.findClosestValue  id.o
    0x08001e0c   0x08001e0c   0x0000002c   Code   RO         3492    i.full              play.o
    0x08001e38   0x08001e38   0x0000001c   Code   RO         3637    i.guiwei            id.o
    0x08001e54   0x08001e54   0x0000000c   Code   RO         3523    i.last              find.o
    0x08001e60   0x08001e60   0x00000084   Code   RO         4541    i.main              main.o
    0x08001ee4   0x08001ee4   0x0000005c   Code   RO         3524    i.must_lose_step    find.o
    0x08001f40   0x08001f40   0x0000007c   Code   RO         4452    i.no_1              topic.o
    0x08001fbc   0x08001fbc   0x00000030   Code   RO         4454    i.no_2              topic.o
    0x08001fec   0x08001fec   0x00000050   Code   RO         4455    i.no_3              topic.o
    0x0800203c   0x0800203c   0x0000009c   Code   RO         4456    i.no_4              topic.o
    0x080020d8   0x080020d8   0x000000a8   Code   RO         4457    i.no_5              topic.o
    0x08002180   0x08002180   0x00000050   Code   RO         4458    i.no_6              topic.o
    0x080021d0   0x080021d0   0x0000000c   Code   RO         3525    i.now               find.o
    0x080021dc   0x080021dc   0x00000360   Code   RO         3493    i.play              play.o
    0x0800253c   0x0800253c   0x00000064   Code   RO         4459    i.put               topic.o
    0x080025a0   0x080025a0   0x00000012   Code   RO         3564    i.qibeng_fang       dong.o
    0x080025b2   0x080025b2   0x00000010   Code   RO         3565    i.qibeng_ting       dong.o
    0x080025c2   0x080025c2   0x00000012   Code   RO         3566    i.qibeng_xi         dong.o
    0x080025d4   0x080025d4   0x0000003c   Code   RO         4460    i.scratch           topic.o
    0x08002610   0x08002610   0x0000004c   Code   RO         4461    i.scratch_2         topic.o
    0x0800265c   0x0800265c   0x000000ac   Code   RO         3454    i.show              openmv.o
    0x08002708   0x08002708   0x000000b8   Code   RO         3410    i.uart_init         serial.o
    0x080027c0   0x080027c0   0x00000150   Code   RO         4744    x$fpl$dadd          fz_ws.l(daddsub_clz.o)
    0x08002910   0x08002910   0x00000018   Code   RO         4920    x$fpl$dcmpinf       fz_ws.l(dcmpi.o)
    0x08002928   0x08002928   0x0000005e   Code   RO         4754    x$fpl$dfix          fz_ws.l(dfix.o)
    0x08002986   0x08002986   0x0000002e   Code   RO         4759    x$fpl$dflt          fz_ws.l(dflt_clz.o)
    0x080029b4   0x080029b4   0x00000078   Code   RO         4834    x$fpl$dleqf         fz_ws.l(dleqf.o)
    0x08002a2c   0x08002a2c   0x0000009c   Code   RO         4836    x$fpl$dnaninf       fz_ws.l(dnaninf.o)
    0x08002ac8   0x08002ac8   0x0000000c   Code   RO         4838    x$fpl$dretinf       fz_ws.l(dretinf.o)
    0x08002ad4   0x08002ad4   0x0000006c   Code   RO         4766    x$fpl$drleqf        fz_ws.l(drleqf.o)
    0x08002b40   0x08002b40   0x00000016   Code   RO         4745    x$fpl$drsb          fz_ws.l(daddsub_clz.o)
    0x08002b56   0x08002b56   0x00000002   PAD
    0x08002b58   0x08002b58   0x000001d4   Code   RO         4746    x$fpl$dsub          fz_ws.l(daddsub_clz.o)
    0x08002d2c   0x08002d2c   0x000000c4   Code   RO         4770    x$fpl$fadd          fz_ws.l(faddsub_clz.o)
    0x08002df0   0x08002df0   0x00000184   Code   RO         4777    x$fpl$fdiv          fz_ws.l(fdiv.o)
    0x08002f74   0x08002f74   0x0000003e   Code   RO         4786    x$fpl$ffixu         fz_ws.l(ffixu.o)
    0x08002fb2   0x08002fb2   0x00000002   PAD
    0x08002fb4   0x08002fb4   0x00000030   Code   RO         4791    x$fpl$fflt          fz_ws.l(fflt_clz.o)
    0x08002fe4   0x08002fe4   0x00000102   Code   RO         4798    x$fpl$fmul          fz_ws.l(fmul.o)
    0x080030e6   0x080030e6   0x0000008c   Code   RO         4842    x$fpl$fnaninf       fz_ws.l(fnaninf.o)
    0x08003172   0x08003172   0x0000000a   Code   RO         4844    x$fpl$fretinf       fz_ws.l(fretinf.o)
    0x0800317c   0x0800317c   0x000000ea   Code   RO         4772    x$fpl$fsub          fz_ws.l(faddsub_clz.o)
    0x08003266   0x08003266   0x00000000   Code   RO         4848    x$fpl$usenofp       fz_ws.l(usenofp.o)
    0x08003266   0x08003266   0x000005f0   Data   RO         3267    .constdata          oled.o
    0x08003856   0x08003856   0x00000002   PAD
    0x08003858   0x08003858   0x0000001c   Data   RO         3638    .constdata          id.o
    0x08003874   0x08003874   0x00000020   Data   RO         5069    Region$$Table       anon$$obj.o


    Execution Region RW_IRAM1 (Exec base: 0x20000000, Load base: 0x08003894, Size: 0x00000a50, Max: 0x00005000, ABSOLUTE, COMPRESSED[0x00000114])

    Exec Addr    Load Addr    Size         Type   Attr      Idx    E Section Name        Object

    0x20000000   COMPRESSED   0x00000014   Data   RW         1805    .data               stm32f10x_rcc.o
    0x20000014   COMPRESSED   0x00000006   Data   RW         3412    .data               serial.o
    0x2000001a   COMPRESSED   0x00000002   PAD
    0x2000001c   COMPRESSED   0x00000005   Data   RW         3455    .data               openmv.o
    0x20000021   COMPRESSED   0x00000003   PAD
    0x20000024   COMPRESSED   0x00000008   Data   RW         3527    .data               find.o
    0x2000002c   COMPRESSED   0x00000288   Data   RW         3639    .data               id.o
    0x200002b4   COMPRESSED   0x0000000c   Data   RW         4462    .data               topic.o
    0x200002c0   COMPRESSED   0x00000010   Data   RW         4543    .data               main.o
    0x200002d0        -       0x000000c8   Zero   RW         3411    .bss                serial.o
    0x20000398        -       0x00000014   Zero   RW         3526    .bss                find.o
    0x200003ac        -       0x00000044   Zero   RW         4542    .bss                main.o
    0x200003f0        -       0x00000060   Zero   RW         4925    .bss                c_w.l(libspace.o)
    0x20000450        -       0x00000200   Zero   RW            2    HEAP                startup_stm32f10x_md.o
    0x20000650        -       0x00000400   Zero   RW            1    STACK               startup_stm32f10x_md.o


==============================================================================

Image component sizes


      Code (inc. data)   RO Data    RW Data    ZI Data      Debug   Object Name

         0          0          0          0          0       4508   core_cm3.o
        94          0          0          0          0       1444   delay.o
       128          0          0          0          0       1931   dong.o
        24          0          0          0          0        988   duoji.o
       324         40          0          8         20       3602   find.o
       460         82         28        648          0       3726   id.o
        96         18          0          0          0       1348   led.o
       132         10          0         16         68       1581   main.o
       508         30          0          0          0       2281   matrixkey.o
       132         22          0          0          0     204835   misc.o
       814         22       1520          0          0       7793   oled.o
       640         30          0          5          0       1971   openmv.o
      2084         34          0          0          0       3899   play.o
       416         18          0          0          0       3808   pwm.o
       344         22          0          6        200       3616   serial.o
       120         24          0          0          0       1036   servo.o
        64         26        236          0       1536        824   startup_stm32f10x_md.o
         0          0          0          0          0       1672   stm32f10x_adc.o
       314          0          0          0          0      12444   stm32f10x_gpio.o
        26          0          0          0          0       3882   stm32f10x_it.o
       276         32          0         20          0      13070   stm32f10x_rcc.o
       838         92          0          0          0      27826   stm32f10x_tim.o
       438          6          0          0          0      11500   stm32f10x_usart.o
       328         28          0          0          0      45341   system_stm32f10x.o
       892        142          0         12          0       4902   topic.o

    ----------------------------------------------------------------------
      9508        678       1818        720       1824     369828   Object Totals
         0          0         32          0          0          0   (incl. Generated)
        16          0          2          5          0          0   (incl. Padding)

    ----------------------------------------------------------------------

      Code (inc. data)   RO Data    RW Data    ZI Data      Debug   Library Member Name

        90          0          0          0          0          0   __dczerorl2.o
         8          0          0          0          0         68   __main.o
         0          0          0          0          0          0   __rtentry.o
        12          0          0          0          0          0   __rtentry2.o
         6          0          0          0          0          0   __rtentry4.o
        52          8          0          0          0          0   __scatter.o
        28          0          0          0          0          0   __scatter_zi.o
        18          0          0          0          0         80   exit.o
         6          0          0          0          0        152   heapauxi.o
         2          0          0          0          0          0   libinit.o
         2          0          0          0          0          0   libinit2.o
         2          0          0          0          0          0   libshutdown.o
         2          0          0          0          0          0   libshutdown2.o
         8          4          0          0         96         68   libspace.o
       100          0          0          0          0         80   rt_memcpy_w.o
         2          0          0          0          0          0   rtexit.o
        10          0          0          0          0          0   rtexit2.o
        74          0          0          0          0         80   sys_stackheap_outer.o
         2          0          0          0          0         68   use_no_semi.o
         2          0          0          0          0         68   use_no_semi_2.o
       826         16          0          0          0        348   daddsub_clz.o
        24          0          0          0          0         68   dcmpi.o
        94          4          0          0          0         92   dfix.o
        46          0          0          0          0         68   dflt_clz.o
       120          4          0          0          0         92   dleqf.o
       156          4          0          0          0         92   dnaninf.o
        12          0          0          0          0         68   dretinf.o
       108          0          0          0          0         80   drleqf.o
       430          8          0          0          0        168   faddsub_clz.o
       388         76          0          0          0         96   fdiv.o
        62          4          0          0          0         84   ffixu.o
        48          0          0          0          0         68   fflt_clz.o
       258          4          0          0          0         84   fmul.o
       140          4          0          0          0         84   fnaninf.o
        10          0          0          0          0         68   fretinf.o
         0          0          0          0          0          0   usenofp.o

    ----------------------------------------------------------------------
      3158        136          0          0         96       2224   Library Totals
        10          0          0          0          0          0   (incl. Padding)

    ----------------------------------------------------------------------

      Code (inc. data)   RO Data    RW Data    ZI Data      Debug   Library Name

       426         12          0          0         96        664   c_w.l
      2722        124          0          0          0       1560   fz_ws.l

    ----------------------------------------------------------------------
      3158        136          0          0         96       2224   Library Totals

    ----------------------------------------------------------------------

==============================================================================


      Code (inc. data)   RO Data    RW Data    ZI Data      Debug   

     12666        814       1818        720       1920     365600   Grand Totals
     12666        814       1818        276       1920     365600   ELF Image Totals (compressed)
     12666        814       1818        276          0          0   ROM Totals

==============================================================================

    Total RO  Size (Code + RO Data)                14484 (  14.14kB)
    Total RW  Size (RW Data + ZI Data)              2640 (   2.58kB)
    Total ROM Size (Code + RO Data + RW Data)      14760 (  14.41kB)

==============================================================================

