<html>
<body>
<pre>
<h1>礦ision Build Log</h1>
<h2>Tool Versions:</h2>
IDE-Version: μVision V5.24.2.0
Copyright (C) 2017 ARM Ltd and ARM Germany GmbH. All rights reserved.
License Information: 2 MXY_2003, 2, LIC=----
 
Tool Versions:
Toolchain:       MDK-Lite  Version: 5.24.1
Toolchain Path:  F:\keil_pkg\ARM\ARMCC\Bin
C Compiler:      Armcc.exe V5.06 update 5 (build 528)
Assembler:       Armasm.exe V5.06 update 5 (build 528)
Linker/Locator:  ArmLink.exe V5.06 update 5 (build 528)
Library Manager: ArmAr.exe V5.06 update 5 (build 528)
Hex Converter:   FromElf.exe V5.06 update 5 (build 528)
CPU DLL:         SARMCM3.DLL V5.24.1
Dialog DLL:      DCM.DLL V1.16.0.0
Target DLL:      STLink\ST-LINKIII-KEIL_SWO.dll V3.0.1.0
Dialog DLL:      TCM.DLL V1.32.0.0
 
<h2>Project:</h2>
F:\yuan_D\没用的东西\桌面\比赛\24电赛\24电赛E源码\三子棋\Project.uvprojx
Project File Date:  07/30/2024

<h2>Output:</h2>
*** Using Compiler 'V5.06 update 5 (build 528)', folder: 'F:\keil_pkg\ARM\ARMCC\Bin'
Build target 'Target 1'
assembling startup_stm32f10x_md.s...
compiling core_cm3.c...
compiling stm32f10x_dbgmcu.c...
compiling stm32f10x_dma.c...
compiling stm32f10x_bkp.c...
compiling stm32f10x_fsmc.c...
compiling stm32f10x_exti.c...
compiling stm32f10x_dac.c...
compiling system_stm32f10x.c...
compiling stm32f10x_can.c...
compiling misc.c...
compiling stm32f10x_crc.c...
compiling stm32f10x_adc.c...
compiling stm32f10x_cec.c...
compiling stm32f10x_gpio.c...
compiling stm32f10x_flash.c...
compiling stm32f10x_i2c.c...
compiling stm32f10x_iwdg.c...
compiling stm32f10x_pwr.c...
compiling stm32f10x_rcc.c...
compiling stm32f10x_sdio.c...
compiling stm32f10x_spi.c...
compiling stm32f10x_rtc.c...
compiling stm32f10x_wwdg.c...
compiling stm32f10x_usart.c...
compiling Delay.c...
compiling PWM.c...
Hardware\PWM.c(108): warning:  #1-D: last line of file ends without a newline
  }
Hardware\PWM.c: 1 warning, 0 errors
compiling openmv.c...
Hardware\openmv.h(9): warning:  #1295-D: Deprecated declaration show - give arg types
  void show();
Hardware\openmv.h(11): warning:  #1-D: last line of file ends without a newline
  #endif
Hardware\openmv.c(117): warning:  #1-D: last line of file ends without a newline
  }
Hardware\openmv.c: 3 warnings, 0 errors
compiling Serial.c...
Hardware\openmv.h(9): warning:  #1295-D: Deprecated declaration show - give arg types
  void show();
Hardware\openmv.h(11): warning:  #1-D: last line of file ends without a newline
  #endif
Hardware\Serial.c: 2 warnings, 0 errors
compiling OLED.c...
compiling stm32f10x_tim.c...
compiling find.c...
compiling play.c...
Hardware\play.c(304): warning:  #1-D: last line of file ends without a newline
  }
Hardware\play.c: 1 warning, 0 errors
compiling sys.c...
compiling dong.c...
Hardware\PWM.h(5): warning:  #1295-D: Deprecated declaration PWM3_Init - give arg types
  void PWM3_Init();
Hardware\dong.c(38): warning:  #1-D: last line of file ends without a newline
  }
Hardware\dong.c: 2 warnings, 0 errors
compiling duoji.c...
compiling ID.c...
Hardware\dong.h(5): warning:  #1295-D: Deprecated declaration d - give arg types
  void d();
Hardware\dong.h(7): warning:  #1295-D: Deprecated declaration qibeng_xi - give arg types
  void qibeng_xi();	//气泵吸气
Hardware\dong.h(8): warning:  #1295-D: Deprecated declaration qibeng_ting - give arg types
  void qibeng_ting();	//保持真空状态
Hardware\dong.h(9): warning:  #1295-D: Deprecated declaration qibeng_fang - give arg types
  void qibeng_fang();	//恢复原状
Hardware\ID.c: 4 warnings, 0 errors
compiling LED.c...
compiling MatrixKey.c...
Hardware\MatrixKey.c(4): warning:  #1295-D: Deprecated declaration MatrixKey_determine - give arg types
  uint8_t MatrixKey_determine();
Hardware\MatrixKey.c(123): warning:  #1-D: last line of file ends without a newline
  }
Hardware\MatrixKey.c: 2 warnings, 0 errors
compiling Servo.c...
Hardware\PWM.h(5): warning:  #1295-D: Deprecated declaration PWM3_Init - give arg types
  void PWM3_Init();
Hardware\Servo.c: 1 warning, 0 errors
compiling mpuiic.c...
compiling mpu6050.c...
compiling topic.c...
Hardware\ID.h(6): warning:  #1295-D: Deprecated declaration guiwei - give arg types
  void guiwei();
Hardware\play.h(7): warning:  #1295-D: Deprecated declaration check_lose - give arg types
  int check_lose();
Hardware\play.h(8): warning:  #1295-D: Deprecated declaration check_win - give arg types
  int check_win();
Hardware\play.h(9): warning:  #1295-D: Deprecated declaration full - give arg types
  int full();
Hardware\play.h(10): warning:  #1295-D: Deprecated declaration play - give arg types
  int play(); //返回将要下的位置序号，为零表示和棋
Hardware\find.h(9): warning:  #1295-D: Deprecated declaration chessboard_init - give arg types
  void chessboard_init();//初始化
Hardware\find.h(10): warning:  #1295-D: Deprecated declaration must_lose_step - give arg types
  int must_lose_step(); //为1表示必输
Hardware\find.h(11): warning:  #1295-D: Deprecated declaration check_weigui - give arg types
  int check_weigui();
Hardware\find.h(12): warning:  #1295-D: Deprecated declaration now - give arg types
  int now();
Hardware\find.h(13): warning:  #1295-D: Deprecated declaration last - give arg types
  int last();
Hardware\MatrixKey.h(4): warning:  #1295-D: Deprecated declaration MatrixKey_Init - give arg types
  void MatrixKey_Init();
Hardware\MatrixKey.h(5): warning:  #1295-D: Deprecated declaration MatrixKey_GetValue - give arg types
  uint8_t MatrixKey_GetValue();
Hardware\MatrixKey.h(6): warning:  #1295-D: Deprecated declaration check_pass - give arg types
  int check_pass();
Hardware\MatrixKey.h(8): warning:  #1-D: last line of file ends without a newline
  #endif
Hardware\dong.h(5): warning:  #1295-D: Deprecated declaration d - give arg types
  void d();
Hardware\dong.h(7): warning:  #1295-D: Deprecated declaration qibeng_xi - give arg types
  void qibeng_xi();	//气泵吸气
Hardware\dong.h(8): warning:  #1295-D: Deprecated declaration qibeng_ting - give arg types
  void qibeng_ting();	//保持真空状态
Hardware\dong.h(9): warning:  #1295-D: Deprecated declaration qibeng_fang - give arg types
  void qibeng_fang();	//恢复原状
Hardware\openmv.h(9): warning:  #1295-D: Deprecated declaration show - give arg types
  void show();
Hardware\openmv.h(11): warning:  #1-D: last line of file ends without a newline
  #endif
Hardware\topic.c(52): warning:  #177-D: variable "n1"  was declared but never referenced
  	int n1=0,n2=0;
Hardware\topic.c(52): warning:  #177-D: variable "n2"  was declared but never referenced
  	int n1=0,n2=0;
Hardware\topic.c(185): warning:  #1-D: last line of file ends without a newline
  }
Hardware\topic.c: 23 warnings, 0 errors
compiling inv_mpu_dmp_motion_driver.c...
compiling stm32f10x_it.c...
compiling inv_mpu.c...
compiling main.c...
.\Hardware\PWM.h(5): warning:  #1295-D: Deprecated declaration PWM3_Init - give arg types
  void PWM3_Init();
.\Hardware\play.h(7): warning:  #1295-D: Deprecated declaration check_lose - give arg types
  int check_lose();
.\Hardware\play.h(8): warning:  #1295-D: Deprecated declaration check_win - give arg types
  int check_win();
.\Hardware\play.h(9): warning:  #1295-D: Deprecated declaration full - give arg types
  int full();
.\Hardware\play.h(10): warning:  #1295-D: Deprecated declaration play - give arg types
  int play(); //返回将要下的位置序号，为零表示和棋
.\Hardware\find.h(9): warning:  #1295-D: Deprecated declaration chessboard_init - give arg types
  void chessboard_init();//初始化
.\Hardware\find.h(10): warning:  #1295-D: Deprecated declaration must_lose_step - give arg types
  int must_lose_step(); //为1表示必输
.\Hardware\find.h(11): warning:  #1295-D: Deprecated declaration check_weigui - give arg types
  int check_weigui();
.\Hardware\find.h(12): warning:  #1295-D: Deprecated declaration now - give arg types
  int now();
.\Hardware\find.h(13): warning:  #1295-D: Deprecated declaration last - give arg types
  int last();
.\Hardware\dong.h(5): warning:  #1295-D: Deprecated declaration d - give arg types
  void d();
.\Hardware\dong.h(8): warning:  #1295-D: Deprecated declaration qibeng_ting - give arg types
  void qibeng_ting();	//保持真空状态
.\Hardware\dong.h(9): warning:  #1295-D: Deprecated declaration qibeng_fang - give arg types
  void qibeng_fang();	//恢复原状
.\Hardware\ID.h(6): warning:  #1295-D: Deprecated declaration guiwei - give arg types
  void guiwei();
.\Hardware\MatrixKey.h(4): warning:  #1295-D: Deprecated declaration MatrixKey_Init - give arg types
  void MatrixKey_Init();
.\Hardware\MatrixKey.h(5): warning:  #1295-D: Deprecated declaration MatrixKey_GetValue - give arg types
  uint8_t MatrixKey_GetValue();
.\Hardware\MatrixKey.h(6): warning:  #1295-D: Deprecated declaration check_pass - give arg types
  int check_pass();
.\Hardware\MatrixKey.h(8): warning:  #1-D: last line of file ends without a newline
  #endif
.\Hardware\topic.h(4): warning:  #1295-D: Deprecated declaration no_1_1 - give arg types
  void no_1_1();
.\Hardware\topic.h(5): warning:  #1295-D: Deprecated declaration no_1 - give arg types
  void no_1();
.\Hardware\topic.h(6): warning:  #1295-D: Deprecated declaration no_2 - give arg types
  void no_2();
.\Hardware\topic.h(7): warning:  #1295-D: Deprecated declaration no_3 - give arg types
  void no_3();
.\Hardware\topic.h(8): warning:  #1295-D: Deprecated declaration no_4 - give arg types
  void no_4();
.\Hardware\topic.h(9): warning:  #1295-D: Deprecated declaration no_5 - give arg types
  void no_5();
.\Hardware\topic.h(10): warning:  #1295-D: Deprecated declaration no_6 - give arg types
  void no_6();
.\Hardware\openmv.h(9): warning:  #1295-D: Deprecated declaration show - give arg types
  void show();
.\Hardware\openmv.h(11): warning:  #1-D: last line of file ends without a newline
  #endif
User\main.c(57): warning:  #1-D: last line of file ends without a newline
  }
User\main.c: 29 warnings, 0 errors
linking...
Program Size: Code=12666 RO-data=1818 RW-data=720 ZI-data=1920  
".\Objects\Project.axf" - 0 Error(s), 67 Warning(s).

<h2>Software Packages used:</h2>

Package Vendor: Keil
                http://www.keil.com/pack/Keil.STM32F1xx_DFP.2.2.0.pack
                Keil.STM32F1xx_DFP.2.2.0
                STMicroelectronics STM32F1 Series Device Support, Drivers and Examples

<h2>Collection of Component include folders:</h2>
  .\RTE\_Target_1
  F:\keil_pkg\ARM\PACK\Keil\STM32F1xx_DFP\2.2.0\Device\Include

<h2>Collection of Component Files used:</h2>
Build Time Elapsed:  00:00:05
</pre>
</body>
</html>
